<html>
<body>
<pre>
<h1>µVision Build Log</h1>
<h2>Tool Versions:</h2>
IDE-Version: ¦ÌVision V5.23.0.0
Copyright (C) 2017 ARM Ltd and ARM Germany GmbH. All rights reserved.
License Information: 123 Administrator, 123, LIC=7YKPC-77RLC-FZSWU-SEM3T-C6LJ0-I9QNI
 
Tool Versions:
Toolchain:       MDK-ARM Professional  Version: 5.23
Toolchain Path:  D:\Keil_v5\ARM\ARMCC\Bin
C Compiler:      Armcc.exe V5.06 update 4 (build 422)
Assembler:       Armasm.exe V5.06 update 4 (build 422)
Linker/Locator:  ArmLink.exe V5.06 update 4 (build 422)
Library Manager: ArmAr.exe V5.06 update 4 (build 422)
Hex Converter:   FromElf.exe V5.06 update 4 (build 422)
CPU DLL:         SARMCM3.DLL V5.23
Dialog DLL:      DARMSTM.DLL V1.68.0.0
Target DLL:      STLink\ST-LINKIII-KEIL_SWO.dll V2.0.18.0
Dialog DLL:      TCM.DLL V1.27.0.0
 
<h2>Project:</h2>
E:\src\OpenRobot_code\OpenRobot_NEO\OpenRobot\Openrobot.uvprojx
Project File Date:  11/08/2017

<h2>Output:</h2>
*** Using Compiler 'V5.06 update 4 (build 422)', folder: 'D:\Keil_v5\ARM\ARMCC\Bin'
*** Warning: Using Microlib and C++ file(s) might cause the linker to fail !
  
Rebuild target 'openRobot'
compiling CPackage.cpp...
compiling CMotor.cpp...
compiling main.cpp...
compiling CKalman.cpp...
compiling CSonar.cpp...
assembling startup_stm32f746xx.s...
compiling system_stm32f7xx.c...
compiling stm32f7xx_it.c...
compiling delay.c...
compiling sys.c...
compiling drv_led.c...
compiling drv_spi.c...
compiling drv_pin.c...
compiling bsp.c...
compiling system_clock.c...
compiling drv_uart.c...
compiling drv_micros.c...
compiling drv_timer.c...
compiling drv_motor.c...
compiling drv_exti.c...
compiling wdg.c...
compiling vcp.c...
compiling drv_battery.c...
compiling stm32f7xx_hal.c...
compiling stm32f7xx_hal_cortex.c...
compiling stm32f7xx_hal_dma.c...
compiling stm32f7xx_hal_dma_ex.c...
compiling stm32f7xx_hal_gpio.c...
compiling stm32f7xx_hal_pwr_ex.c...
compiling stm32f7xx_hal_pwr.c...
compiling stm32f7xx_hal_rcc_ex.c...
compiling stm32f7xx_hal_rcc.c...
compiling stm32f7xx_hal_uart.c...
compiling stm32f7xx_hal_pcd.c...
compiling stm32f7xx_hal_usart.c...
compiling stm32f7xx_hal_spi.c...
compiling stm32f7xx_hal_iwdg.c...
compiling stm32f7xx_hal_pcd_ex.c...
compiling stm32f7xx_hal_tim.c...
compiling stm32f7xx_hal_ltdc.c...
compiling stm32f7xx_hal_tim_ex.c...
compiling stm32f7xx_hal_ltdc_ex.c...
compiling stm32f7xx_ll_sdmmc.c...
compiling stm32f7xx_ll_fmc.c...
compiling stm32f7xx_ll_usb.c...
compiling stm32f7xx_hal_adc.c...
compiling stm32f7xx_hal_adc_ex.c...
compiling imu_spi.cpp...
compiling MadgwickAHRS.cpp...
compiling SPI.cpp...
compiling MPU9250.cpp...
compiling duration.cpp...
compiling IMU.cpp...
compiling itoa.c...
compiling WMath.cpp...
compiling time.cpp...
compiling RingBuffer.cpp...
compiling WString.cpp...
compiling Print.cpp...
compiling dtostrf.c...
compiling UARTClass.cpp...
compiling Stream.cpp...
compiling DataScope_DP.C...
compiling USBSerial.cpp...
compiling mpu.c...
compiling myiic.c...
compiling mpu9250_iic.c...
compiling usbd_cdc.c...
compiling 24cxx.c...
compiling usbd_cdc_interface.c...
..\lib\usb_cdc\usbd_cdc_interface.c(66): warning:  #550-D: variable "UserTxBufPtrOutShadow"  was set but never used
  static uint16_t UserTxBufPtrOutShadow = 0; // shadow of above
..\lib\usb_cdc\usbd_cdc_interface.c(67): warning:  #550-D: variable "UserTxBufPtrWaitCount"  was set but never used
  static uint8_t  UserTxBufPtrWaitCount = 0; // used to implement a timeout waiting for low-level USB driver
..\lib\usb_cdc\usbd_cdc_interface.c(68): warning:  #550-D: variable "UserTxNeedEmptyPacket"  was set but never used
  static uint8_t  UserTxNeedEmptyPacket = 0; // used to flush the USB IN endpoint if the last packet was exactly the endpoint packet size
..\lib\usb_cdc\usbd_cdc_interface.c(74): warning:  #550-D: variable "rxd_length"  was set but never used
  static uint32_t rxd_length    = 0;
..\lib\usb_cdc\usbd_cdc_interface.c: 4 warnings, 0 errors
compiling usbd_core.c...
compiling usbd_conf.c...
compiling usbd_ctlreq.c...
compiling usbd_ioreq.c...
compiling usbd_desc.c...
linking...
Program Size: Code=49340 RO-data=4596 RW-data=656 ZI-data=103048  
".\Objects\Openrobot.axf" - 0 Error(s), 4 Warning(s).

<h2>Collection of Component include folders:</h2>
  .\RTE\_openRobot
  D:\Keil_v5\ARM\PACK\Keil\STM32F7xx_DFP\2.8.0\Drivers\CMSIS\Device\ST\STM32F7xx\Include

<h2>Collection of Component Files used:</h2>
Build Time Elapsed:  00:00:54
</pre>
</body>
</html>
