Component: ARM Compiler 5.06 update 4 (build 422) Tool: armlink [4d35d2]

==============================================================================

Section Cross References

    main.o(i.Encoder_Counter_1) refers to cmotor.o(i.Count_and_Direction) for Count_and_Direction
    main.o(i.Encoder_Counter_1) refers to main.o(.bss) for motor
    main.o(i.Encoder_Counter_2) refers to cmotor.o(i.Count_and_Direction) for Count_and_Direction
    main.o(i.Encoder_Counter_2) refers to main.o(.bss) for motor
    main.o(i.Encoder_Counter_3) refers to stm32f7xx_hal_gpio.o(i.HAL_GPIO_TogglePin) for HAL_GPIO_TogglePin
    main.o(i.Encoder_Counter_3) refers to cmotor.o(i.Count_and_Direction) for Count_and_Direction
    main.o(i.Encoder_Counter_3) refers to main.o(.bss) for motor
    main.o(i._Z11system_Initv) refers to sys.o(i.Cache_Enable) for Cache_Enable
    main.o(i._Z11system_Initv) refers to stm32f7xx_hal.o(i.HAL_Init) for HAL_Init
    main.o(i._Z11system_Initv) refers to sys.o(i.Stm32_Clock_Init) for Stm32_Clock_Init
    main.o(i._Z11system_Initv) refers to delay.o(i.delay_init) for delay_init
    main.o(i._Z12KalmanFilterd) refers to dadd.o(.text) for __aeabi_dadd
    main.o(i._Z12KalmanFilterd) refers to ddiv.o(.text) for __aeabi_ddiv
    main.o(i._Z12KalmanFilterd) refers to dmul.o(.text) for __aeabi_dmul
    main.o(i._Z12KalmanFilterd) refers to main.o(.data) for MeasureNoise_R
    main.o(i._Z12timer_Handlev) refers to cmotor.o(i._Z18velocity_calculateP5Wheel) for velocity_calculate(Wheel*)
    main.o(i._Z12timer_Handlev) refers to f2d.o(.text) for __aeabi_f2d
    main.o(i._Z12timer_Handlev) refers to cmotor.o(i._ZN6CMotor8setSpeedEddd) for CMotor::setSpeed(double, double, double)
    main.o(i._Z12timer_Handlev) refers to cmotor.o(i._ZN6CMotor13FeedbackSpeedEddd) for CMotor::FeedbackSpeed(double, double, double)
    main.o(i._Z12timer_Handlev) refers to cmotor.o(i._ZN6CMotor10controllerEv) for CMotor::controller()
    main.o(i._Z12timer_Handlev) refers to main.o(.bss) for motor
    main.o(i._Z13publishImuMsgv) refers to main.o(t._ZN3ros11NodeHandle_I15ArduinoHardwareLi25ELi25ELi1024ELi1024EE3nowEv) for ros::NodeHandle_<ArduinoHardware, (int)25, (int)25, (int)1024, (int)1024>::now()
    main.o(i._Z13publishImuMsgv) refers to fflti.o(.text) for __aeabi_i2f
    main.o(i._Z13publishImuMsgv) refers to main.o(i._ZN3ros9Publisher7publishEPKNS_3MsgE) for ros::Publisher::publish(const ros::Msg*)
    main.o(i._Z13publishImuMsgv) refers to main.o(i._ZN2tf20TransformBroadcaster13sendTransformERN13geometry_msgs16TransformStampedE) for tf::TransformBroadcaster::sendTransform(geometry_msgs::TransformStamped&)
    main.o(i._Z13publishImuMsgv) refers to main.o(.bss) for nh
    main.o(i._Z14updateGyroCaliv) refers to printfa.o(i.__0sprintf) for __2sprintf
    main.o(i._Z14updateGyroCaliv) refers to main.o(t._ZN3ros11NodeHandle_I15ArduinoHardwareLi25ELi25ELi1024ELi1024EE7loginfoEPKc) for ros::NodeHandle_<ArduinoHardware, (int)25, (int)25, (int)1024, (int)1024>::loginfo(const char*)
    main.o(i._Z14updateGyroCaliv) refers to mpu9250.o(i._ZN8cMPU925015gyro_cali_startEv) for cMPU9250::gyro_cali_start()
    main.o(i._Z14updateGyroCaliv) refers to stm32f7xx_hal.o(i.HAL_GetTick) for HAL_GetTick
    main.o(i._Z14updateGyroCaliv) refers to imu.o(i._ZN4cIMU6updateEj) for cIMU::update(unsigned)
    main.o(i._Z14updateGyroCaliv) refers to mpu9250.o(i._ZN8cMPU925018gyro_cali_get_doneEv) for cMPU9250::gyro_cali_get_done()
    main.o(i._Z14updateGyroCaliv) refers to main.o(.bss) for nh
    main.o(i._Z14updateGyroCaliv) refers to main.o(.data) for updateGyroCali()::gyro_cali
    main.o(i._Z14updateOdometryd) refers to dflti.o(.text) for __aeabi_i2d
    main.o(i._Z14updateOdometryd) refers to dmul.o(.text) for __aeabi_dmul
    main.o(i._Z14updateOdometryd) refers to d2f.o(.text) for __aeabi_d2f
    main.o(i._Z14updateOdometryd) refers to fadd.o(.text) for __aeabi_fsub
    main.o(i._Z14updateOdometryd) refers to f2d.o(.text) for __aeabi_f2d
    main.o(i._Z14updateOdometryd) refers to ddiv.o(.text) for __aeabi_ddiv
    main.o(i._Z14updateOdometryd) refers to fmul.o(.text) for __aeabi_fmul
    main.o(i._Z14updateOdometryd) refers to atan2f.o(i.atan2f) for atan2f
    main.o(i._Z14updateOdometryd) refers to ckalman.o(i._ZN7CKalman6updateEf) for CKalman::update(float)
    main.o(i._Z14updateOdometryd) refers to dadd.o(.text) for __aeabi_dsub
    main.o(i._Z14updateOdometryd) refers to sin.o(i.sin) for sin
    main.o(i._Z14updateOdometryd) refers to cos.o(i.cos) for cos
    main.o(i._Z14updateOdometryd) refers to main.o(i._ZN27_INTERNAL_8_main_cpp_ttt_mp2tf23createQuaternionFromYawEd) for [local to main_cpp]::tf::createQuaternionFromYaw(double)
    main.o(i._Z14updateOdometryd) refers to main.o(.bss) for diff_wheel_encoder
    main.o(i._Z14updateOdometryd) refers to main.o(.data) for last_theta
    main.o(i._Z16InitPoseCallbackRKN13geometry_msgs25PoseWithCovarianceStampedE) refers to f2d.o(.text) for __aeabi_f2d
[...]
    geometry_msgs::Pose::getMD5()::string    0x0800cf76   Data          33  main.o(.constdata__ZZN13geometry_msgs4Pose6getMD5EvEs)
    geometry_msgs::Pose::getType()::string   0x0800cf97   Data          19  main.o(.constdata__ZZN13geometry_msgs4Pose7getTypeEvEs)
    geometry_msgs::Point::getMD5()::string   0x0800cfaa   Data          33  main.o(.constdata__ZZN13geometry_msgs5Point6getMD5EvEs)
    geometry_msgs::Point::getType()::string  0x0800cfcb   Data          20  main.o(.constdata__ZZN13geometry_msgs5Point7getTypeEvEs)
    geometry_msgs::Twist::getMD5()::string   0x0800cfdf   Data          33  main.o(.constdata__ZZN13geometry_msgs5Twist6getMD5EvEs)
    geometry_msgs::Twist::getType()::string  0x0800d000   Data          20  main.o(.constdata__ZZN13geometry_msgs5Twist7getTypeEvEs)
    geometry_msgs::Vector3::getMD5()::string 0x0800d014   Data          33  main.o(.constdata__ZZN13geometry_msgs7Vector36getMD5EvEs)
    geometry_msgs::Vector3::getType()::string 0x0800d035   Data          22  main.o(.constdata__ZZN13geometry_msgs7Vector37getTypeEvEs)
    geometry_msgs::Transform::getMD5()::string 0x0800d04b   Data          33  main.o(.constdata__ZZN13geometry_msgs9Transform6getMD5EvEs)
    geometry_msgs::Transform::getType()::string 0x0800d06c   Data          24  main.o(.constdata__ZZN13geometry_msgs9Transform7getTypeEvEs)
    rosserial_msgs::RequestParamResponse::getMD5()::string 0x0800d084   Data          33  main.o(.constdata__ZZN14rosserial_msgs20RequestParamResponse6getMD5EvEs)
    rosserial_msgs::Log::getMD5()::string    0x0800d0a5   Data          33  main.o(.constdata__ZZN14rosserial_msgs3Log6getMD5EvEs)
    rosserial_msgs::Log::getType()::string   0x0800d0c6   Data          19  main.o(.constdata__ZZN14rosserial_msgs3Log7getTypeEvEs)
    rosserial_msgs::Log::Log()::string       0x0800d0d9   Data           1  main.o(.constdata__ZZN14rosserial_msgs3LogC1EvEs)
    rosserial_msgs::TopicInfo::getMD5()::string 0x0800d0da   Data          33  main.o(.constdata__ZZN14rosserial_msgs9TopicInfo6getMD5EvEs)
    rosserial_msgs::TopicInfo::getType()::string 0x0800d0fb   Data          25  main.o(.constdata__ZZN14rosserial_msgs9TopicInfo7getTypeEvEs)
    rosserial_msgs::TopicInfo::TopicInfo()::string 0x0800d114   Data           1  main.o(.constdata__ZZN14rosserial_msgs9TopicInfoC1EvEs)
    turtlebot3_msgs::SensorState::getMD5()::string 0x0800d115   Data          33  main.o(.constdata__ZZN15turtlebot3_msgs11SensorState6getMD5EvEs)
    turtlebot3_msgs::SensorState::getType()::string 0x0800d136   Data          28  main.o(.constdata__ZZN15turtlebot3_msgs11SensorState7getTypeEvEs)
    tf::TransformBroadcaster::TransformBroadcaster()::string 0x0800d152   Data           4  main.o(.constdata__ZZN2tf20TransformBroadcasterC1EvEs)
    tf::tfMessage::getMD5()::string          0x0800d156   Data          33  main.o(.constdata__ZZN2tf9tfMessage6getMD5EvEs)
    tf::tfMessage::getType()::string         0x0800d177   Data          13  main.o(.constdata__ZZN2tf9tfMessage7getTypeEvEs)
    ros::NodeHandle_<ArduinoHardware, (int)25, (int)25, (int)1024, (int)1024>::publish(int, const ros::Msg*)::string 0x0800d184   Data          57  main.o(.constdata__ZZN3ros11NodeHandle_I15ArduinoHardwareLi25ELi25ELi1024ELi1024EE7publishEiPKNS_3MsgEEs)
    nav_msgs::Odometry::getMD5()::string     0x0800d1bd   Data          33  main.o(.constdata__ZZN8nav_msgs8Odometry6getMD5EvEs)
    nav_msgs::Odometry::getType()::string    0x0800d1de   Data          18  main.o(.constdata__ZZN8nav_msgs8Odometry7getTypeEvEs)
    nav_msgs::Odometry::Odometry()::string   0x0800d1f0   Data           1  main.o(.constdata__ZZN8nav_msgs8OdometryC1EvEs)
    std_msgs::Time::getMD5()::string         0x0800d1f1   Data          33  main.o(.constdata__ZZN8std_msgs4Time6getMD5EvEs)
    std_msgs::Time::getType()::string        0x0800d212   Data          14  main.o(.constdata__ZZN8std_msgs4Time7getTypeEvEs)
    std_msgs::Header::getMD5()::string       0x0800d220   Data          33  main.o(.constdata__ZZN8std_msgs6Header6getMD5EvEs)
    std_msgs::Header::getType()::string      0x0800d241   Data          16  main.o(.constdata__ZZN8std_msgs6Header7getTypeEvEs)
    std_msgs::Header::Header()::string       0x0800d251   Data           1  main.o(.constdata__ZZN8std_msgs6HeaderC1EvEs)
    Region$$Table$$Base                      0x0800d264   Number         0  anon$$obj.o(Region$$Table)
    Region$$Table$$Limit                     0x0800d2a4   Number         0  anon$$obj.o(Region$$Table)
    SHT$$INIT_ARRAY$$Base                    0x0800d2a4   Number         0  main.o(.init_array)
    SHT$$INIT_ARRAY$$Limit                   0x0800d2b0   Number         0  cpp_init.o(.init_array)
    SystemCoreClock                          0x20000000   Data           4  system_stm32f7xx.o(.data)
    uwTick                                   0x20000008   Data           4  stm32f7xx_hal.o(.data)
    USBD_CDC                                 0x2000002c   Data          56  usbd_cdc.o(.data)
    USBD_CDC_CfgHSDesc                       0x20000064   Data          67  usbd_cdc.o(.data)
    USBD_CDC_CfgFSDesc                       0x200000a8   Data          67  usbd_cdc.o(.data)
    USBD_CDC_OtherSpeedCfgDesc               0x200000ec   Data          67  usbd_cdc.o(.data)
    VCP_Desc                                 0x20000130   Data          28  usbd_desc.o(.data)
    USBD_DeviceDesc                          0x2000014c   Data          18  usbd_desc.o(.data)
    USBD_LangIDDesc                          0x20000160   Data           4  usbd_desc.o(.data)
    USBD_StringSerial                        0x20000164   Data          26  usbd_desc.o(.data)
    __microlib_freelist_initialised          0x20000180   Data           4  mvars.o(.data)
    USBD_Device                              0x20000188   Data         548  bsp.o(.bss)
    TimHandle                                0x200003ac   Data          60  drv_micros.o(.bss)
    _pwm                                     0x200003e8   Data         352  drv_motor.o(.bss)
    exti_data                                0x20000548   Data         192  drv_exti.o(.bss)
    SPI                                      0x20000608   Data          52  spi.o(.bss)
    SPI_IMU                                  0x2000063c   Data          52  spi.o(.bss)
    __heap_base                              0x20000688   Data           0  startup_stm32f746xx.o(HEAP)
    __heap_limit                             0x20004a88   Data           0  startup_stm32f746xx.o(HEAP)
    ttt_mp                                   0x20010000   Data           4  main.o(.data)
    goal_linear_x_velocity                   0x20010008   Data           8  main.o(.data)
    goal_linear_y_velocity                   0x20010010   Data           8  main.o(.data)
    goal_angular_velocity                    0x20010018   Data           8  main.o(.data)
    odometry_x                               0x20010020   Data           8  main.o(.data)
    odometry_y                               0x20010028   Data           8  main.o(.data)
    odometry_th                              0x20010030   Data           8  main.o(.data)
    init_encoder_                            0x20010040   Data           2  main.o(.data)
    last_diff_tick_                          0x20010044   Data           8  main.o(.data)
    last_tick_                               0x2001004c   Data           8  main.o(.data)
    sonar                                    0x20010054   Data           4  main.o(.data)
    watch_dog                                0x2001005c   Data           4  main.o(.data)
    last_time                                0x20010060   Data           4  main.o(.data)
    stateLed_Hz                              0x20010064   Data           4  main.o(.data)
    ProcessNiose_Q                           0x20010068   Data           8  main.o(.data)
    MeasureNoise_R                           0x20010070   Data           8  main.o(.data)
    huart_inst                               0x20010090   Data          16  drv_uart.o(.data)
    tim_ch                                   0x200100a0   Data          24  drv_motor.o(.data)
    JUMP_BOOT_STR                            0x200100b8   Data           4  usbd_cdc_interface.o(.data)
    LineCoding                               0x200100bc   Data           8  usbd_cdc_interface.o(.data)
    CDC_Reset_Status                         0x200100c4   Data           1  usbd_cdc_interface.o(.data)
    CDC_Reset_Status_Baud                    0x200100c5   Data           1  usbd_cdc_interface.o(.data)
    BuffLength                               0x200100c8   Data           4  usbd_cdc_interface.o(.data)
    USBD_CDC_fops                            0x200100e8   Data          16  usbd_cdc_interface.o(.data)
    usb_cdc_bitrate                          0x200100f8   Data           4  usbd_cdc_interface.o(.data)
    __microlib_freelist                      0x20010100   Data           4  mvars.o(.data)
    nh                                       0x20010108   Data        2352  main.o(.bss)
    cmd_vel_sub                              0x20010a38   Data          56  main.o(.bss)
    init_pose_sub                            0x20010a70   Data         232  main.o(.bss)
    sensor_state_msg                         0x20010b58   Data          28  main.o(.bss)
    sensor_state_pub                         0x20010b74   Data          20  main.o(.bss)
    imu_msg                                  0x20010b88   Data         184  main.o(.bss)
    imu_pub                                  0x20010c40   Data          20  main.o(.bss)
    odom                                     0x20010c54   Data         400  main.o(.bss)
    odom_pub                                 0x20010de4   Data          20  main.o(.bss)
    tfs_msg                                  0x20010df8   Data          68  main.o(.bss)
    odom_tf                                  0x20010e3c   Data          68  main.o(.bss)
    tfbroadcaster                            0x20010e80   Data         100  main.o(.bss)
    imu                                      0x20010ee4   Data         252  main.o(.bss)
    kalman                                   0x20010fe0   Data          40  main.o(.bss)
    motor                                    0x20011008   Data         400  main.o(.bss)
    speed_motor                              0x20011198   Data          12  main.o(.bss)
    last_rad_                                0x200111c0   Data          16  main.o(.bss)
    last_velocity_                           0x200111d0   Data          16  main.o(.bss)
    ex_log_msg                               0x200111e0   Data         256  main.o(.bss)
    Serial                                   0x200112e0   Data          36  main.o(.bss)
    ros_serial                               0x20011304   Data         100  main.o(.bss)
    imu_info                                 0x20011368   Data          28  main.o(.bss)
    odom_info                                0x20011384   Data          24  main.o(.bss)
    ros_readbuffer                           0x2001139c   Data         256  main.o(.bss)
    hspi1                                    0x200114b8   Data         100  drv_spi.o(.bss)
    hspi2                                    0x2001151c   Data         100  drv_spi.o(.bss)
    spi_dma                                  0x200115e0   Data          32  drv_spi.o(.bss)
    huart                                    0x20012620   Data         448  drv_uart.o(.bss)
    hdma_rx                                  0x200127e0   Data         384  drv_uart.o(.bss)
    Serial1                                  0x20012960   Data         288  drv_uart.o(.bss)
    Serial2                                  0x20012a80   Data         288  drv_uart.o(.bss)
    hDrvTim                                  0x20012ba0   Data         440  drv_timer.o(.bss)
    UserRxBuffer                             0x20012d8c   Data        2048  usbd_cdc_interface.o(.bss)
    UserTxBuffer                             0x2001358c   Data        2048  usbd_cdc_interface.o(.bss)
    UserTxBufferForUSB                       0x20013d8c   Data        2048  usbd_cdc_interface.o(.bss)
    usb_cdc_debug_cnt                        0x2001858c   Data          64  usbd_cdc_interface.o(.bss)
    hpcd                                     0x200185cc   Data         960  usbd_conf.o(.bss)
    USBD_StrDesc                             0x2001898c   Data         256  usbd_desc.o(.bss)
    __initial_sp                             0x20024a90   Data           0  startup_stm32f746xx.o(STACK)



==============================================================================

Memory Map of the image

  Image Entry point : 0x080001c9

  Load Region LR_IROM1 (Base: 0x08000000, Size: 0x0000d540, Max: 0x00100000, ABSOLUTE, COMPRESSED[0x0000d46c])

    Execution Region ER_IROM1 (Base: 0x08000000, Size: 0x0000d2b0, Max: 0x00100000, ABSOLUTE)

    Base Addr    Size         Type   Attr      Idx    E Section Name        Object

    0x08000000   0x000001c8   Data   RO         1889    RESET               startup_stm32f746xx.o
    0x080001c8   0x00000000   Code   RO        10361  * .ARM.Collect$$$$00000000  mc_w.l(entry.o)
    0x080001c8   0x00000004   Code   RO        10816    .ARM.Collect$$$$00000001  mc_w.l(entry2.o)
    0x080001cc   0x00000004   Code   RO        10819    .ARM.Collect$$$$00000004  mc_w.l(entry5.o)
    0x080001d0   0x00000000   Code   RO        10821    .ARM.Collect$$$$00000008  mc_w.l(entry7b.o)
    0x080001d0   0x00000004   Code   RO        10822    .ARM.Collect$$$$00000009  mc_w.l(entry8a.o)
    0x080001d4   0x00000000   Code   RO        10823    .ARM.Collect$$$$0000000A  mc_w.l(entry8b.o)
    0x080001d4   0x00000008   Code   RO        10824    .ARM.Collect$$$$0000000B  mc_w.l(entry9a.o)
    0x080001dc   0x00000000   Code   RO        10826    .ARM.Collect$$$$0000000D  mc_w.l(entry10a.o)
    0x080001dc   0x00000004   Code   RO        10827    .ARM.Collect$$$$0000000E  mc_w.l(entry10b.o)
    0x080001e0   0x00000000   Code   RO        10828    .ARM.Collect$$$$0000000F  mc_w.l(entry11a.o)
    0x080001e0   0x00000004   Code   RO        10817    .ARM.Collect$$$$00002712  mc_w.l(entry2.o)
    0x080001e4   0x00000024   Code   RO         1890    .text               startup_stm32f746xx.o
    0x08000208   0x00000040   Code   RO        10401    .text               mc_w.l(memmovea.o)
    0x08000248   0x00000024   Code   RO        10403    .text               mc_w.l(memseta.o)
    0x0800026c   0x0000000e   Code   RO        10411    .text               mc_w.l(strlen.o)
    0x0800027a   0x00000002   PAD
    0x0800027c   0x00000020   Code   RO        10719    .text               mc_w.l(cpp_init.o)
    0x0800029c   0x0000002e   Code   RO        10721    .text               mc_w.l(aeabi_atexit.o)
    0x080002ca   0x000000b0   Code   RO        10723    .text               mf_w.l(fadd.o)
    0x0800037a   0x00000064   Code   RO        10725    .text               mf_w.l(fmul.o)
    0x080003de   0x0000007c   Code   RO        10727    .text               mf_w.l(fdiv.o)
    0x0800045a   0x0000014e   Code   RO        10729    .text               mf_w.l(dadd.o)
    0x080005a8   0x000000e4   Code   RO        10731    .text               mf_w.l(dmul.o)
    0x0800068c   0x000000de   Code   RO        10733    .text               mf_w.l(ddiv.o)
    0x0800076a   0x00000012   Code   RO        10735    .text               mf_w.l(fflti.o)
    0x0800077c   0x0000000a   Code   RO        10737    .text               mf_w.l(ffltui.o)
    0x08000786   0x00000022   Code   RO        10739    .text               mf_w.l(dflti.o)
    0x080007a8   0x0000001a   Code   RO        10741    .text               mf_w.l(dfltui.o)
    0x080007c2   0x00000032   Code   RO        10743    .text               mf_w.l(ffixi.o)
    0x080007f4   0x0000003e   Code   RO        10745    .text               mf_w.l(dfixi.o)
    0x08000832   0x00000032   Code   RO        10747    .text               mf_w.l(dfixui.o)
    0x08000864   0x00000026   Code   RO        10749    .text               mf_w.l(f2d.o)
    0x0800088a   0x00000002   PAD
    0x0800088c   0x00000030   Code   RO        10751    .text               mf_w.l(cdcmple.o)
    0x080008bc   0x00000030   Code   RO        10753    .text               mf_w.l(cdrcmple.o)
    0x080008ec   0x00000038   Code   RO        10755    .text               mf_w.l(d2f.o)
    0x08000924   0x00000014   Code   RO        10757    .text               mf_w.l(cfcmple.o)
    0x08000938   0x0000001e   Code   RO        10837    .text               mc_w.l(llshl.o)
    0x08000956   0x00000020   Code   RO        10839    .text               mc_w.l(llushr.o)
    0x08000976   0x00000024   Code   RO        10841    .text               mc_w.l(llsshr.o)
    0x0800099a   0x00000000   Code   RO        10856    .text               mc_w.l(iusefp.o)
    0x0800099a   0x00000002   PAD
    0x0800099c   0x00000008   Code   RO        10857    .text               mc_w.l(cpp_dtor.o)
    0x080009a4   0x00000002   Code   RO        10860    .text               mc_w.l(cpp_signal.o)
    0x080009a6   0x00000042   Code   RO        10862    .text               mc_w.l(cxa_finalize.o)
    0x080009e8   0x0000006e   Code   RO        10864    .text               mf_w.l(fepilogue.o)
    0x08000a56   0x00000018   Code   RO        10866    .text               mf_w.l(fscalb.o)
    0x08000a6e   0x0000005e   Code   RO        10868    .text               mf_w.l(fsqrt.o)
    0x08000acc   0x000000ba   Code   RO        10870    .text               mf_w.l(depilogue.o)
    0x08000b86   0x000000a2   Code   RO        10872    .text               mf_w.l(dsqrt.o)
    0x08000c28   0x00000024   Code   RO        10893    .text               mc_w.l(init.o)
    0x08000c4c   0x00000002   Code   RO        10905    .text               mc_w.l(cpp_final.o)
    0x08000c4e   0x0000002e   Code   RO        10907    .text               mf_w.l(dscalb.o)
    0x08000c7c   0x00000056   Code   RO        10929    .text               mc_w.l(__dczerorl2.o)
    0x08000cd2   0x00000004   Code   RO         1808    i.BusFault_Handler  stm32f7xx_it.o
    0x08000cd6   0x00000036   Code   RO         1518    i.Count_and_Direction  cmotor.o
    0x08000d0c   0x00000014   Code   RO         2278    i.DMA1_Stream1_IRQHandler  drv_uart.o
    0x08000d20   0x00000014   Code   RO         2279    i.DMA1_Stream5_IRQHandler  drv_uart.o
    0x08000d34   0x00000010   Code   RO         2280    i.DMA2_Stream2_IRQHandler  drv_uart.o
    0x08000d44   0x00000002   Code   RO         1809    i.DebugMon_Handler  stm32f7xx_it.o
    0x08000d46   0x0000000a   Code   RO         2744    i.EXTI0_IRQHandler  drv_exti.o
    0x08000d50   0x00000034   Code   RO         2745    i.EXTI15_10_IRQHandler  drv_exti.o
    0x08000d84   0x0000000a   Code   RO         2746    i.EXTI1_IRQHandler  drv_exti.o
    0x08000d8e   0x0000000a   Code   RO         2747    i.EXTI2_IRQHandler  drv_exti.o
    0x08000d98   0x0000000a   Code   RO         2748    i.EXTI3_IRQHandler  drv_exti.o
    0x08000da2   0x0000000a   Code   RO         2749    i.EXTI4_IRQHandler  drv_exti.o
    0x08000dac   0x0000005c   Code   RO         2750    i.EXTI9_5_IRQHandler  drv_exti.o
    0x08000e08   0x00000010   Code   RO            4    i.Encoder_Counter_1  main.o
    0x08000e18   0x00000010   Code   RO            5    i.Encoder_Counter_2  main.o
    0x08000e28   0x0000001c   Code   RO            6    i.Encoder_Counter_3  main.o
    0x08000e44   0x00000028   Code   RO         3304    i.HAL_DMA_Abort_IT  stm32f7xx_hal_dma.o
    0x08000e6c   0x00000248   Code   RO         3308    i.HAL_DMA_IRQHandler  stm32f7xx_hal_dma.o
    0x080010b4   0x0000009e   Code   RO         3312    i.HAL_DMA_Start_IT  stm32f7xx_hal_dma.o
    0x08001152   0x0000001a   Code   RO         2968    i.HAL_Delay         stm32f7xx_hal.o
    0x0800116c   0x00000040   Code   RO         2751    i.HAL_GPIO_EXTI_Callback  drv_exti.o
    0x080011ac   0x0000001c   Code   RO         3471    i.HAL_GPIO_EXTI_IRQHandler  stm32f7xx_hal_gpio.o
    0x080011c8   0x00000218   Code   RO         3472    i.HAL_GPIO_Init     stm32f7xx_hal_gpio.o
    0x080013e0   0x00000010   Code   RO         3474    i.HAL_GPIO_ReadPin  stm32f7xx_hal_gpio.o
    0x080013f0   0x00000008   Code   RO         3475    i.HAL_GPIO_TogglePin  stm32f7xx_hal_gpio.o
    0x080013f8   0x0000000c   Code   RO         3476    i.HAL_GPIO_WritePin  stm32f7xx_hal_gpio.o
    0x08001404   0x0000000c   Code   RO         2976    i.HAL_GetTick       stm32f7xx_hal.o
    0x08001410   0x00000062   Code   RO         5271    i.HAL_IWDG_Init     stm32f7xx_hal_iwdg.o
    0x08001472   0x00000002   PAD
    0x08001474   0x00000010   Code   RO         2977    i.HAL_IncTick       stm32f7xx_hal.o
    0x08001484   0x00000028   Code   RO         2978    i.HAL_Init          stm32f7xx_hal.o
    0x080014ac   0x00000028   Code   RO         2979    i.HAL_InitTick      stm32f7xx_hal.o
    0x080014d4   0x00000002   Code   RO         2981    i.HAL_MspInit       stm32f7xx_hal.o
    0x080014d6   0x00000002   PAD
    0x080014d8   0x0000001c   Code   RO         3147    i.HAL_NVIC_DisableIRQ  stm32f7xx_hal_cortex.o
    0x080014f4   0x0000001a   Code   RO         3148    i.HAL_NVIC_EnableIRQ  stm32f7xx_hal_cortex.o
    0x0800150e   0x0000007c   Code   RO         3154    i.HAL_NVIC_SetPriority  stm32f7xx_hal_cortex.o
    0x0800158a   0x00000002   PAD
    0x0800158c   0x00000028   Code   RO         3155    i.HAL_NVIC_SetPriorityGrouping  stm32f7xx_hal_cortex.o
    0x080015b4   0x00000028   Code   RO         5218    i.HAL_PCDEx_ActivateLPM  stm32f7xx_hal_pcd_ex.o
    0x080015dc   0x00000002   Code   RO         5220    i.HAL_PCDEx_LPM_Callback  stm32f7xx_hal_pcd_ex.o
    0x080015de   0x0000000a   Code   RO         5221    i.HAL_PCDEx_SetRxFiFo  stm32f7xx_hal_pcd_ex.o
    0x080015e8   0x00000052   Code   RO         5222    i.HAL_PCDEx_SetTxFiFo  stm32f7xx_hal_pcd_ex.o
    0x0800163a   0x0000000e   Code   RO         9553    i.HAL_PCD_ConnectCallback  usbd_conf.o
    0x08001648   0x00000020   Code   RO         9554    i.HAL_PCD_DataInStageCallback  usbd_conf.o
    0x08001668   0x00000020   Code   RO         9555    i.HAL_PCD_DataOutStageCallback  usbd_conf.o
    0x08001688   0x0000000e   Code   RO         9556    i.HAL_PCD_DisconnectCallback  usbd_conf.o
    0x08001696   0x0000006a   Code   RO         4979    i.HAL_PCD_EP_Close  stm32f7xx_hal_pcd.o
    0x08001700   0x00000068   Code   RO         4980    i.HAL_PCD_EP_ClrStall  stm32f7xx_hal_pcd.o
    0x08001768   0x00000018   Code   RO         4982    i.HAL_PCD_EP_GetRxCount  stm32f7xx_hal_pcd.o
    0x08001780   0x0000008c   Code   RO         4983    i.HAL_PCD_EP_Open   stm32f7xx_hal_pcd.o
    0x0800180c   0x00000078   Code   RO         4984    i.HAL_PCD_EP_Receive  stm32f7xx_hal_pcd.o
    0x08001884   0x0000007a   Code   RO         4985    i.HAL_PCD_EP_SetStall  stm32f7xx_hal_pcd.o
    0x080018fe   0x0000007a   Code   RO         4986    i.HAL_PCD_EP_Transmit  stm32f7xx_hal_pcd.o
    0x08001978   0x000006dc   Code   RO         4988    i.HAL_PCD_IRQHandler  stm32f7xx_hal_pcd.o
    0x08002054   0x00000012   Code   RO         9557    i.HAL_PCD_ISOINIncompleteCallback  usbd_conf.o
    0x08002066   0x00000012   Code   RO         9558    i.HAL_PCD_ISOOUTIncompleteCallback  usbd_conf.o
    0x08002078   0x0000014e   Code   RO         4991    i.HAL_PCD_Init      stm32f7xx_hal_pcd.o
    0x080021c6   0x00000002   PAD
    0x080021c8   0x0000025c   Code   RO         9560    i.HAL_PCD_MspInit   usbd_conf.o
    0x08002424   0x00000032   Code   RO         9561    i.HAL_PCD_ResetCallback  usbd_conf.o
    0x08002456   0x0000000e   Code   RO         9562    i.HAL_PCD_ResumeCallback  usbd_conf.o
    0x08002464   0x00000012   Code   RO         9563    i.HAL_PCD_SOFCallback  usbd_conf.o
    0x08002476   0x00000032   Code   RO         4997    i.HAL_PCD_SetAddress  stm32f7xx_hal_pcd.o
    0x080024a8   0x00000012   Code   RO         9564    i.HAL_PCD_SetupStageCallback  usbd_conf.o
    0x080024ba   0x00000034   Code   RO         4999    i.HAL_PCD_Start     stm32f7xx_hal_pcd.o
    0x080024ee   0x0000000e   Code   RO         9565    i.HAL_PCD_SuspendCallback  usbd_conf.o
    0x080024fc   0x00000090   Code   RO         3690    i.HAL_PWREx_EnableOverDrive  stm32f7xx_hal_pwr_ex.o
    0x0800258c   0x000001b4   Code   RO         3790    i.HAL_RCC_ClockConfig  stm32f7xx_hal_rcc.o
    0x08002740   0x0000000c   Code   RO         3795    i.HAL_RCC_GetHCLKFreq  stm32f7xx_hal_rcc.o
    0x0800274c   0x000000b4   Code   RO         3799    i.HAL_RCC_GetSysClockFreq  stm32f7xx_hal_rcc.o
    0x08002800   0x000004c4   Code   RO         3802    i.HAL_RCC_OscConfig  stm32f7xx_hal_rcc.o
    0x08002cc4   0x00000028   Code   RO         3157    i.HAL_SYSTICK_CLKSourceConfig  stm32f7xx_hal_cortex.o
    0x08002cec   0x00000034   Code   RO         3159    i.HAL_SYSTICK_Config  stm32f7xx_hal_cortex.o
    0x08002d20   0x00000002   Code   RO         2510    i.HAL_TIMEx_BreakCallback  drv_timer.o
    0x08002d22   0x00000002   Code   RO         2511    i.HAL_TIMEx_CommutationCallback  drv_timer.o
    0x08002d24   0x00000046   Code   RO         5303    i.HAL_TIM_Base_DeInit  stm32f7xx_hal_tim.o
    0x08002d6a   0x0000002e   Code   RO         5305    i.HAL_TIM_Base_Init  stm32f7xx_hal_tim.o
    0x08002d98   0x00000060   Code   RO         2512    i.HAL_TIM_Base_MspDeInit  drv_timer.o
    0x08002df8   0x00000124   Code   RO         2513    i.HAL_TIM_Base_MspInit  drv_timer.o
    0x08002f1c   0x0000001e   Code   RO         5308    i.HAL_TIM_Base_Start  stm32f7xx_hal_tim.o
    0x08002f3a   0x0000001e   Code   RO         5310    i.HAL_TIM_Base_Start_IT  stm32f7xx_hal_tim.o
    0x08002f58   0x00000002   Code   RO         5334    i.HAL_TIM_IC_CaptureCallback  stm32f7xx_hal_tim.o
    0x08002f5a   0x000001b8   Code   RO         5347    i.HAL_TIM_IRQHandler  stm32f7xx_hal_tim.o
    0x08003112   0x00000002   Code   RO         5350    i.HAL_TIM_OC_DelayElapsedCallback  stm32f7xx_hal_tim.o
    0x08003114   0x00000174   Code   RO         6092    i.HAL_TIM_PWM_ConfigChannel  stm32f7xx_hal_tim_ex.o
    0x08003288   0x00000034   Code   RO         5374    i.HAL_TIM_PWM_Init  stm32f7xx_hal_tim.o
    0x080032bc   0x0000014c   Code   RO         2650    i.HAL_TIM_PWM_MspInit  drv_motor.o
    0x08003408   0x00000002   Code   RO         5377    i.HAL_TIM_PWM_PulseFinishedCallback  stm32f7xx_hal_tim.o
    0x0800340a   0x00000002   PAD
    0x0800340c   0x0000004c   Code   RO         5378    i.HAL_TIM_PWM_Start  stm32f7xx_hal_tim.o
    0x08003458   0x0000004c   Code   RO         2514    i.HAL_TIM_PeriodElapsedCallback  drv_timer.o
    0x080034a4   0x00000002   Code   RO         5388    i.HAL_TIM_TriggerCallback  stm32f7xx_hal_tim.o
    0x080034a6   0x00000002   PAD
    0x080034a8   0x0000002c   Code   RO         2281    i.HAL_UART_ErrorCallback  drv_uart.o
    0x080034d4   0x00000160   Code   RO         3962    i.HAL_UART_IRQHandler  stm32f7xx_hal_uart.o
    0x08003634   0x000000ac   Code   RO         3967    i.HAL_UART_Receive_DMA  stm32f7xx_hal_uart.o
    0x080036e0   0x000000bc   Code   RO         3968    i.HAL_UART_Receive_IT  stm32f7xx_hal_uart.o
    0x0800379c   0x00000044   Code   RO         2284    i.HAL_UART_RxCpltCallback  drv_uart.o
    0x080037e0   0x00000002   Code   RO         3970    i.HAL_UART_RxHalfCpltCallback  stm32f7xx_hal_uart.o
    0x080037e2   0x00000002   Code   RO         2285    i.HAL_UART_TxCpltCallback  drv_uart.o
    0x080037e4   0x00000006   Code   RO         1810    i.HardFault_Handler  stm32f7xx_it.o
    0x080037ea   0x00000002   PAD
    0x080037ec   0x00000054   Code   RO         9020    i.IIC_Ack           myiic.o
    0x08003840   0x0000008c   Code   RO         9021    i.IIC_Init          myiic.o
    0x080038cc   0x00000054   Code   RO         9022    i.IIC_NAck          myiic.o
    0x08003920   0x0000006c   Code   RO         9023    i.IIC_Read_Byte     myiic.o
    0x0800398c   0x0000007c   Code   RO         9024    i.IIC_Send_Byte     myiic.o
    0x08003a08   0x00000058   Code   RO         9025    i.IIC_Start         myiic.o
    0x08003a60   0x00000054   Code   RO         9026    i.IIC_Stop          myiic.o
    0x08003ab4   0x00000064   Code   RO         9027    i.IIC_Wait_Ack      myiic.o
    0x08003b18   0x000000cc   Code   RO         9137    i.MPU9250_Init      mpu9250_iic.o
    0x08003be4   0x00000050   Code   RO         9138    i.MPU_Get_Accelerometer  mpu9250_iic.o
    0x08003c34   0x00000050   Code   RO         9139    i.MPU_Get_Gyroscope  mpu9250_iic.o
    0x08003c84   0x00000048   Code   RO         9142    i.MPU_Read_Byte     mpu9250_iic.o
    0x08003ccc   0x00000074   Code   RO         9143    i.MPU_Read_Len      mpu9250_iic.o
    0x08003d40   0x00000012   Code   RO         9144    i.MPU_Set_Accel_Fsr  mpu9250_iic.o
    0x08003d52   0x00000016   Code   RO         9145    i.MPU_Set_Gyro_Fsr  mpu9250_iic.o
    0x08003d68   0x0000003c   Code   RO         9146    i.MPU_Set_Rate      mpu9250_iic.o
    0x08003da4   0x0000004c   Code   RO         9147    i.MPU_Write_Byte    mpu9250_iic.o
    0x08003df0   0x00000004   Code   RO         1811    i.MemManage_Handler  stm32f7xx_it.o
    0x08003df4   0x00000002   Code   RO         1812    i.NMI_Handler       stm32f7xx_it.o
    0x08003df6   0x00000002   PAD
    0x08003df8   0x00000010   Code   RO         9566    i.OTG_FS_IRQHandler  usbd_conf.o
    0x08003e08   0x0000000c   Code   RO         1813    i.SysTick_Handler   stm32f7xx_it.o
    0x08003e14   0x0000006e   Code   RO         2253    i.SystemClock_Config  system_clock.o
    0x08003e82   0x00000002   PAD
    0x08003e84   0x00000054   Code   RO         1694    i.SystemInit        system_stm32f7xx.o
    0x08003ed8   0x00000010   Code   RO         2515    i.TIM1_UP_TIM10_IRQHandler  drv_timer.o
    0x08003ee8   0x00000010   Code   RO         2516    i.TIM2_IRQHandler   drv_timer.o
    0x08003ef8   0x00000010   Code   RO         2517    i.TIM6_DAC_IRQHandler  drv_timer.o
    0x08003f08   0x00000010   Code   RO         2518    i.TIM8_TRG_COM_TIM14_IRQHandler  drv_timer.o
    0x08003f18   0x00000010   Code   RO         2519    i.TIM8_UP_TIM13_IRQHandler  drv_timer.o
    0x08003f28   0x000000e4   Code   RO         5389    i.TIM_Base_SetConfig  stm32f7xx_hal_tim.o
    0x0800400c   0x0000001c   Code   RO         5390    i.TIM_CCxChannelCmd  stm32f7xx_hal_tim.o
    0x08004028   0x00000074   Code   RO         5395    i.TIM_OC1_SetConfig  stm32f7xx_hal_tim.o
    0x0800409c   0x0000007c   Code   RO         5396    i.TIM_OC2_SetConfig  stm32f7xx_hal_tim.o
    0x08004118   0x0000007c   Code   RO         5397    i.TIM_OC3_SetConfig  stm32f7xx_hal_tim.o
    0x08004194   0x00000064   Code   RO         5398    i.TIM_OC4_SetConfig  stm32f7xx_hal_tim.o
    0x080041f8   0x00000010   Code   RO         2286    i.UART4_IRQHandler  drv_uart.o
    0x08004208   0x00000010   Code   RO         2287    i.USART1_IRQHandler  drv_uart.o
    0x08004218   0x00000010   Code   RO         2288    i.USART2_IRQHandler  drv_uart.o
    0x08004228   0x00000010   Code   RO         2289    i.USART3_IRQHandler  drv_uart.o
    0x08004238   0x0000003a   Code   RO         9320    i.USBD_CDC_ReceivePacket  usbd_cdc.o
    0x08004272   0x0000000e   Code   RO         9321    i.USBD_CDC_RegisterInterface  usbd_cdc.o
    0x08004280   0x0000000e   Code   RO         9322    i.USBD_CDC_SetRxBuffer  usbd_cdc.o
    0x0800428e   0x00000014   Code   RO         9323    i.USBD_CDC_SetTxBuffer  usbd_cdc.o
    0x080042a2   0x00000038   Code   RO         9324    i.USBD_CDC_TransmitPacket  usbd_cdc.o
    0x080042da   0x00000016   Code   RO         9777    i.USBD_ClrClassConfig  usbd_core.o
    0x080042f0   0x00000018   Code   RO        10130    i.USBD_CtlContinueRx  usbd_ioreq.o
    0x08004308   0x00000018   Code   RO        10131    i.USBD_CtlContinueSendData  usbd_ioreq.o
    0x08004320   0x00000018   Code   RO         9935    i.USBD_CtlError     usbd_ctlreq.o
    0x08004338   0x00000028   Code   RO        10132    i.USBD_CtlPrepareRx  usbd_ioreq.o
    0x08004360   0x0000001a   Code   RO        10133    i.USBD_CtlReceiveStatus  usbd_ioreq.o
    0x0800437a   0x00000022   Code   RO        10134    i.USBD_CtlSendData  usbd_ioreq.o
    0x0800439c   0x0000001a   Code   RO        10135    i.USBD_CtlSendStatus  usbd_ioreq.o
    0x080043b6   0x00000052   Code   RO         9936    i.USBD_GetString    usbd_ctlreq.o
    0x08004408   0x00000032   Code   RO         9779    i.USBD_Init         usbd_core.o
    0x0800443a   0x00000014   Code   RO         9567    i.USBD_LL_ClearStallEP  usbd_conf.o
    0x0800444e   0x00000014   Code   RO         9568    i.USBD_LL_CloseEP   usbd_conf.o
    0x08004462   0x000000da   Code   RO         9780    i.USBD_LL_DataInStage  usbd_core.o
    0x0800453c   0x00000086   Code   RO         9781    i.USBD_LL_DataOutStage  usbd_core.o
    0x080045c2   0x00000006   Code   RO         9782    i.USBD_LL_DevConnected  usbd_core.o
    0x080045c8   0x0000001a   Code   RO         9783    i.USBD_LL_DevDisconnected  usbd_core.o
    0x080045e2   0x00000012   Code   RO         9572    i.USBD_LL_GetRxDataSize  usbd_conf.o
    0x080045f4   0x00000064   Code   RO         9573    i.USBD_LL_Init      usbd_conf.o
    0x08004658   0x00000038   Code   RO         9574    i.USBD_LL_IsStallEP  usbd_conf.o
    0x08004690   0x00000006   Code   RO         9784    i.USBD_LL_IsoINIncomplete  usbd_core.o
    0x08004696   0x00000006   Code   RO         9785    i.USBD_LL_IsoOUTIncomplete  usbd_core.o
    0x0800469c   0x00000020   Code   RO         9575    i.USBD_LL_OpenEP    usbd_conf.o
    0x080046bc   0x00000020   Code   RO         9576    i.USBD_LL_PrepareReceive  usbd_conf.o
    0x080046dc   0x00000044   Code   RO         9786    i.USBD_LL_Reset     usbd_core.o
    0x08004720   0x0000000e   Code   RO         9787    i.USBD_LL_Resume    usbd_core.o
    0x0800472e   0x00000022   Code   RO         9788    i.USBD_LL_SOF       usbd_core.o
    0x08004750   0x00000008   Code   RO         9789    i.USBD_LL_SetSpeed  usbd_core.o
    0x08004758   0x00000014   Code   RO         9577    i.USBD_LL_SetUSBAddress  usbd_conf.o
    0x0800476c   0x0000006e   Code   RO         9790    i.USBD_LL_SetupStage  usbd_core.o
    0x080047da   0x00000014   Code   RO         9578    i.USBD_LL_StallEP   usbd_conf.o
    0x080047ee   0x00000010   Code   RO         9579    i.USBD_LL_Start     usbd_conf.o
    0x080047fe   0x00000014   Code   RO         9791    i.USBD_LL_Suspend   usbd_core.o
    0x08004812   0x00000020   Code   RO         9581    i.USBD_LL_Transmit  usbd_conf.o
    0x08004832   0x00000028   Code   RO         9937    i.USBD_ParseSetupRequest  usbd_ctlreq.o
    0x0800485a   0x00000010   Code   RO         9792    i.USBD_RegisterClass  usbd_core.o
    0x0800486a   0x00000006   Code   RO         9793    i.USBD_RunTestMode  usbd_core.o
    0x08004870   0x00000022   Code   RO         9794    i.USBD_SetClassConfig  usbd_core.o
    0x08004892   0x0000000e   Code   RO         9795    i.USBD_Start        usbd_core.o
    0x080048a0   0x00000072   Code   RO         9938    i.USBD_StdDevReq    usbd_ctlreq.o
    0x08004912   0x00000156   Code   RO         9939    i.USBD_StdEPReq     usbd_ctlreq.o
    0x08004a68   0x0000004a   Code   RO         9940    i.USBD_StdItfReq    usbd_ctlreq.o
    0x08004ab2   0x00000002   PAD
    0x08004ab4   0x000000c4   Code   RO         6443    i.USB_ActivateEndpoint  stm32f7xx_ll_usb.o
    0x08004b78   0x00000044   Code   RO         6444    i.USB_ActivateSetup  stm32f7xx_ll_usb.o
    0x08004bbc   0x00000070   Code   RO         6446    i.USB_CoreInit      stm32f7xx_ll_usb.o
    0x08004c2c   0x000000a8   Code   RO         6448    i.USB_DeactivateEndpoint  stm32f7xx_ll_usb.o
    0x08004cd4   0x0000001e   Code   RO         6449    i.USB_DevConnect    stm32f7xx_ll_usb.o
    0x08004cf2   0x0000001e   Code   RO         6450    i.USB_DevDisconnect  stm32f7xx_ll_usb.o
    0x08004d10   0x000001ac   Code   RO         6451    i.USB_DevInit       stm32f7xx_ll_usb.o
    0x08004ebc   0x0000000e   Code   RO         6452    i.USB_DisableGlobalInt  stm32f7xx_ll_usb.o
    0x08004eca   0x00000002   PAD
    0x08004ecc   0x000001ac   Code   RO         6455    i.USB_EP0StartXfer  stm32f7xx_ll_usb.o
    0x08005078   0x00000044   Code   RO         6456    i.USB_EP0_OutStart  stm32f7xx_ll_usb.o
    0x080050bc   0x00000088   Code   RO         6457    i.USB_EPClearStall  stm32f7xx_ll_usb.o
    0x08005144   0x0000008c   Code   RO         6458    i.USB_EPSetStall    stm32f7xx_ll_usb.o
    0x080051d0   0x000002d0   Code   RO         6459    i.USB_EPStartXfer   stm32f7xx_ll_usb.o
    0x080054a0   0x0000000e   Code   RO         6460    i.USB_EnableGlobalInt  stm32f7xx_ll_usb.o
    0x080054ae   0x00000002   PAD
    0x080054b0   0x0000002c   Code   RO         6461    i.USB_FlushRxFifo   stm32f7xx_ll_usb.o
    0x080054dc   0x00000030   Code   RO         6462    i.USB_FlushTxFifo   stm32f7xx_ll_usb.o
    0x0800550c   0x00000044   Code   RO         6464    i.USB_GetDevSpeed   stm32f7xx_ll_usb.o
    0x08005550   0x0000000a   Code   RO         6466    i.USB_GetMode       stm32f7xx_ll_usb.o
    0x0800555a   0x00000002   Code   RO         2148    i.USB_Init          bsp.o
    0x0800555c   0x00000012   Code   RO         6473    i.USB_ReadDevAllInEpInterrupt  stm32f7xx_ll_usb.o
    0x0800556e   0x00000012   Code   RO         6474    i.USB_ReadDevAllOutEpInterrupt  stm32f7xx_ll_usb.o
    0x08005580   0x0000002c   Code   RO         6475    i.USB_ReadDevInEPInterrupt  stm32f7xx_ll_usb.o
    0x080055ac   0x00000016   Code   RO         6476    i.USB_ReadDevOutEPInterrupt  stm32f7xx_ll_usb.o
    0x080055c2   0x0000000c   Code   RO         6477    i.USB_ReadInterrupts  stm32f7xx_ll_usb.o
    0x080055ce   0x00000028   Code   RO         6478    i.USB_ReadPacket    stm32f7xx_ll_usb.o
    0x080055f6   0x00000030   Code   RO         6480    i.USB_SetCurrentMode  stm32f7xx_ll_usb.o
    0x08005626   0x00000024   Code   RO         6481    i.USB_SetDevAddress  stm32f7xx_ll_usb.o
    0x0800564a   0x00000010   Code   RO         6482    i.USB_SetDevSpeed   stm32f7xx_ll_usb.o
    0x0800565a   0x0000003a   Code   RO         6485    i.USB_WritePacket   stm32f7xx_ll_usb.o
    0x08005694   0x00000004   Code   RO         1814    i.UsageFault_Handler  stm32f7xx_it.o
    0x08005698   0x0000003c   Code   RO         9149    i._Z11MPU_Set_LPFt  mpu9250_iic.o
    0x080056d4   0x00000010   Code   RO         2290    i._Z11Rx1_Handlerv  drv_uart.o
    0x080056e4   0x00000010   Code   RO         2291    i._Z11Rx2_Handlerv  drv_uart.o
    0x080056f4   0x000000bc   Code   RO            9    i._Z12timer_Handlev  main.o
    0x080057b0   0x00000044   Code   RO         9448    i._Z13CDC_Itf_Getchv  usbd_cdc_interface.o
    0x080057f4   0x00000094   Code   RO         9449    i._Z13CDC_Itf_TxISRv  usbd_cdc_interface.o
    0x08005888   0x00000084   Code   RO         9450    i._Z13CDC_Itf_WritePhj  usbd_cdc_interface.o
    0x0800590c   0x000001a0   Code   RO           10    i._Z13publishImuMsgv  main.o
    0x08005aac   0x00000274   Code   RO         1519    i._Z14PID_controllerP9MOTOR_PID  cmotor.o
    0x08005d20   0x000003ec   Code   RO           12    i._Z14updateOdometryd  main.o
    0x0800610c   0x000000ac   Code   RO           13    i._Z16InitPoseCallbackRKN13geometry_msgs25PoseWithCovarianceStampedE  main.o
    0x080061b8   0x0000001c   Code   RO         9451    i._Z17CDC_Itf_Availablev  usbd_cdc_interface.o
    0x080061d4   0x00000038   Code   RO         1520    i._Z18velocity_calculateP5Wheel  cmotor.o
    0x0800620c   0x0000001c   Code   RO         9452    i._Z19CDC_Itf_IsAvailablev  usbd_cdc_interface.o
    0x08006228   0x0000008c   Code   RO           14    i._Z21publishSensorStateMsgv  main.o
    0x080062b4   0x00000228   Code   RO           15    i._Z23commandVelocityCallbackRKN13geometry_msgs5TwistE  main.o
    0x080064dc   0x00000078   Code   RO           16    i._Z23publishDriveInformationv  main.o
    0x08006554   0x00000010   Code   RO        10044    i._Z25USBD_VCP_DeviceDescriptor17USBD_SpeedTypeDefPt  usbd_desc.o
    0x08006564   0x00000034   Code   RO        10045    i._Z28USBD_VCP_ConfigStrDescriptor17USBD_SpeedTypeDefPt  usbd_desc.o
    0x08006598   0x00000010   Code   RO        10046    i._Z28USBD_VCP_LangIDStrDescriptor17USBD_SpeedTypeDefPt  usbd_desc.o
    0x080065a8   0x00000018   Code   RO        10047    i._Z28USBD_VCP_SerialStrDescriptor17USBD_SpeedTypeDefPt  usbd_desc.o
    0x080065c0   0x00000078   Code   RO        10048    i._Z29USBD_VCP_ProductStrDescriptor17USBD_SpeedTypeDefPt  usbd_desc.o
    0x08006638   0x00000038   Code   RO        10049    i._Z31USBD_VCP_InterfaceStrDescriptor17USBD_SpeedTypeDefPt  usbd_desc.o
    0x08006670   0x00000020   Code   RO        10050    i._Z34USBD_VCP_ManufacturerStrDescriptor17USBD_SpeedTypeDefPt  usbd_desc.o
    0x08006690   0x00000010   Code   RO         9325    i._Z37USBD_CDC_GetDeviceQualifierDescriptorPt  usbd_cdc.o
    0x080066a0   0x00000016   Code   RO         7619    i._Z3maplllll       wmath.o
    0x080066b6   0x00000002   PAD
    0x080066b8   0x000000f4   Code   RO           17    i._Z4loopv          main.o
    0x080067ac   0x00000068   Code   RO           18    i._Z8updateTFRN13geometry_msgs16TransformStampedE  main.o
    0x08006814   0x0000000c   Code   RO          900    i._ZN11sensor_msgs3Imu6getMD5Ev  main.o
    0x08006820   0x0000000c   Code   RO          894    i._ZN11sensor_msgs3Imu7getTypeEv  main.o
    0x0800682c   0x0000005c   Code   RO          481    i._ZN11sensor_msgs3ImuC1Ev  main.o
    0x08006888   0x00000010   Code   RO         1448    i._ZN12robot_serialC1Ev  cpackage.o
    0x08006898   0x00000002   Code   RO         1449    i._ZN12robot_serialD1Ev  cpackage.o
    0x0800689a   0x0000003a   Code   RO          313    i._ZN13geometry_msgs10Quaternion11deserializeEPh  main.o
    0x080068d4   0x0000000c   Code   RO          780    i._ZN13geometry_msgs10Quaternion6getMD5Ev  main.o
    0x080068e0   0x0000000c   Code   RO          774    i._ZN13geometry_msgs10Quaternion7getTypeEv  main.o
    0x080068ec   0x00000024   Code   RO          208    i._ZN13geometry_msgs10QuaternionC1Ev  main.o
    0x08006910   0x0000000c   Code   RO          864    i._ZN13geometry_msgs16TransformStamped6getMD5Ev  main.o
    0x0800691c   0x0000000c   Code   RO          858    i._ZN13geometry_msgs16TransformStamped7getTypeEv  main.o
    0x08006928   0x00000058   Code   RO          403    i._ZN13geometry_msgs16TransformStampedC1Ev  main.o
    0x08006980   0x00000034   Code   RO          331    i._ZN13geometry_msgs18PoseWithCovariance11deserializeEPh  main.o
    0x080069b4   0x0000000c   Code   RO          828    i._ZN13geometry_msgs18PoseWithCovariance6getMD5Ev  main.o
    0x080069c0   0x0000000c   Code   RO          822    i._ZN13geometry_msgs18PoseWithCovariance7getTypeEv  main.o
    0x080069cc   0x00000064   Code   RO          301    i._ZN13geometry_msgs18PoseWithCovarianceC1Ev  main.o
    0x08006a30   0x0000000c   Code   RO          876    i._ZN13geometry_msgs19TwistWithCovariance6getMD5Ev  main.o
    0x08006a3c   0x0000000c   Code   RO          870    i._ZN13geometry_msgs19TwistWithCovariance7getTypeEv  main.o
    0x08006a48   0x00000022   Code   RO          343    i._ZN13geometry_msgs25PoseWithCovarianceStamped11deserializeEPh  main.o
    0x08006a6a   0x00000002   PAD
    0x08006a6c   0x0000000c   Code   RO          660    i._ZN13geometry_msgs25PoseWithCovarianceStamped6getMD5Ev  main.o
    0x08006a78   0x0000000c   Code   RO          648    i._ZN13geometry_msgs25PoseWithCovarianceStamped7getTypeEv  main.o
    0x08006a84   0x00000022   Code   RO          325    i._ZN13geometry_msgs4Pose11deserializeEPh  main.o
    0x08006aa6   0x00000002   PAD
    0x08006aa8   0x0000000c   Code   RO          816    i._ZN13geometry_msgs4Pose6getMD5Ev  main.o
    0x08006ab4   0x0000000c   Code   RO          810    i._ZN13geometry_msgs4Pose7getTypeEv  main.o
    0x08006ac0   0x0000002e   Code   RO          319    i._ZN13geometry_msgs5Point11deserializeEPh  main.o
    0x08006aee   0x00000002   PAD
    0x08006af0   0x0000000c   Code   RO          804    i._ZN13geometry_msgs5Point6getMD5Ev  main.o
    0x08006afc   0x0000000c   Code   RO          798    i._ZN13geometry_msgs5Point7getTypeEv  main.o
    0x08006b08   0x00000022   Code   RO          295    i._ZN13geometry_msgs5Twist11deserializeEPh  main.o
    0x08006b2a   0x00000002   PAD
    0x08006b2c   0x0000000c   Code   RO          624    i._ZN13geometry_msgs5Twist6getMD5Ev  main.o
    0x08006b38   0x0000000c   Code   RO          612    i._ZN13geometry_msgs5Twist7getTypeEv  main.o
    0x08006b44   0x0000002c   Code   RO          283    i._ZN13geometry_msgs5TwistC1Ev  main.o
    0x08006b70   0x0000002e   Code   RO          289    i._ZN13geometry_msgs7Vector311deserializeEPh  main.o
    0x08006b9e   0x00000002   PAD
    0x08006ba0   0x0000000c   Code   RO          792    i._ZN13geometry_msgs7Vector36getMD5Ev  main.o
    0x08006bac   0x0000000c   Code   RO          786    i._ZN13geometry_msgs7Vector37getTypeEv  main.o
    0x08006bb8   0x00000020   Code   RO          277    i._ZN13geometry_msgs7Vector3C1Ev  main.o
    0x08006bd8   0x0000000c   Code   RO          846    i._ZN13geometry_msgs9Transform6getMD5Ev  main.o
    0x08006be4   0x0000000c   Code   RO          840    i._ZN13geometry_msgs9Transform7getTypeEv  main.o
    0x08006bf0   0x0000017a   Code   RO          227    i._ZN14rosserial_msgs20RequestParamResponse11deserializeEPh  main.o
    0x08006d6a   0x00000002   PAD
    0x08006d6c   0x0000000c   Code   RO          768    i._ZN14rosserial_msgs20RequestParamResponse6getMD5Ev  main.o
    0x08006d78   0x0000000c   Code   RO          762    i._ZN14rosserial_msgs20RequestParamResponse7getTypeEv  main.o
    0x08006d84   0x0000000c   Code   RO          750    i._ZN14rosserial_msgs3Log6getMD5Ev  main.o
    0x08006d90   0x0000000c   Code   RO          744    i._ZN14rosserial_msgs3Log7getTypeEv  main.o
    0x08006d9c   0x0000000c   Code   RO          726    i._ZN14rosserial_msgs9TopicInfo6getMD5Ev  main.o
    0x08006da8   0x0000000c   Code   RO          720    i._ZN14rosserial_msgs9TopicInfo7getTypeEv  main.o
    0x08006db4   0x0000000a   Code   RO          442    i._ZN15ArduinoHardware4timeEv  main.o
    0x08006dbe   0x00000002   PAD
    0x08006dc0   0x0000000c   Code   RO          973    i._ZN15turtlebot3_msgs11SensorState6getMD5Ev  main.o
    0x08006dcc   0x0000000c   Code   RO          967    i._ZN15turtlebot3_msgs11SensorState7getTypeEv  main.o
    0x08006dd8   0x0000009c   Code   RO         2149    i._ZN26_INTERNAL_5_bsp_c_bsp_init16SCB_EnableDCacheEv  bsp.o
    0x08006e74   0x0000005c   Code   RO           19    i._ZN27_INTERNAL_8_main_cpp_ttt_mp2tf23createQuaternionFromYawEd  main.o
    0x08006ed0   0x00000018   Code   RO          448    i._ZN2tf20TransformBroadcaster13sendTransformERN13geometry_msgs16TransformStampedE  main.o
    0x08006ee8   0x0000000c   Code   RO          925    i._ZN2tf9tfMessage6getMD5Ev  main.o
    0x08006ef4   0x0000000c   Code   RO          919    i._ZN2tf9tfMessage7getTypeEv  main.o
    0x08006f00   0x00000238   Code   RO         2752    i._ZN32_INTERNAL_10_drv_exti_c_54292b4215drv_exti_attachEjPFYvvEj  drv_exti.o
    0x08007138   0x000000a6   Code   RO         9326    i._ZN32_INTERNAL_10_usbd_cdc_c_USBD_CDC13USBD_CDC_InitEP19_USBD_HandleTypeDefh  usbd_cdc.o
    0x080071de   0x00000002   PAD
    0x080071e0   0x00000090   Code   RO         9327    i._ZN32_INTERNAL_10_usbd_cdc_c_USBD_CDC14USBD_CDC_SetupEP19_USBD_HandleTypeDefP13usb_setup_req  usbd_cdc.o
    0x08007270   0x0000001a   Code   RO         9328    i._ZN32_INTERNAL_10_usbd_cdc_c_USBD_CDC15USBD_CDC_DataInEP19_USBD_HandleTypeDefh  usbd_cdc.o
    0x0800728a   0x00000040   Code   RO         9329    i._ZN32_INTERNAL_10_usbd_cdc_c_USBD_CDC15USBD_CDC_DeInitEP19_USBD_HandleTypeDefh  usbd_cdc.o
    0x080072ca   0x00000034   Code   RO         9330    i._ZN32_INTERNAL_10_usbd_cdc_c_USBD_CDC16USBD_CDC_DataOutEP19_USBD_HandleTypeDefh  usbd_cdc.o
    0x080072fe   0x00000032   Code   RO         9331    i._ZN32_INTERNAL_10_usbd_cdc_c_USBD_CDC20USBD_CDC_EP0_RxReadyEP19_USBD_HandleTypeDef  usbd_cdc.o
    0x08007330   0x00000010   Code   RO         9332    i._ZN32_INTERNAL_10_usbd_cdc_c_USBD_CDC21USBD_CDC_GetFSCfgDescEPt  usbd_cdc.o
    0x08007340   0x00000010   Code   RO         9333    i._ZN32_INTERNAL_10_usbd_cdc_c_USBD_CDC21USBD_CDC_GetHSCfgDescEPt  usbd_cdc.o
    0x08007350   0x00000010   Code   RO         9334    i._ZN32_INTERNAL_10_usbd_cdc_c_USBD_CDC29USBD_CDC_GetOtherSpeedCfgDescEPt  usbd_cdc.o
    0x08007360   0x0000003e   Code   RO        10051    i._ZN33_INTERNAL_11_usbd_desc_c_VCP_Desc12IntToUnicodeEjPhh  usbd_desc.o
    0x0800739e   0x00000002   PAD
    0x080073a0   0x00000034   Code   RO        10052    i._ZN33_INTERNAL_11_usbd_desc_c_VCP_Desc13Get_SerialNumEv  usbd_desc.o
    0x080073d4   0x00000014   Code   RO         9941    i._ZN35_INTERNAL_13_usbd_ctlreq_c_f346f8f111USBD_GetLenEPh  usbd_ctlreq.o
    0x080073e8   0x00000050   Code   RO         9942    i._ZN35_INTERNAL_13_usbd_ctlreq_c_f346f8f114USBD_GetConfigEP19_USBD_HandleTypeDefP13usb_setup_req  usbd_ctlreq.o
    0x08007438   0x00000044   Code   RO         9943    i._ZN35_INTERNAL_13_usbd_ctlreq_c_f346f8f114USBD_GetStatusEP19_USBD_HandleTypeDefP13usb_setup_req  usbd_ctlreq.o
    0x0800747c   0x000000e0   Code   RO         9944    i._ZN35_INTERNAL_13_usbd_ctlreq_c_f346f8f114USBD_SetConfigEP19_USBD_HandleTypeDefP13usb_setup_req  usbd_ctlreq.o
    0x0800755c   0x00000044   Code   RO         9945    i._ZN35_INTERNAL_13_usbd_ctlreq_c_f346f8f115USBD_ClrFeatureEP19_USBD_HandleTypeDefP13usb_setup_req  usbd_ctlreq.o
    0x080075a0   0x00000054   Code   RO         9946    i._ZN35_INTERNAL_13_usbd_ctlreq_c_f346f8f115USBD_SetAddressEP19_USBD_HandleTypeDefP13usb_setup_req  usbd_ctlreq.o
    0x080075f4   0x00000024   Code   RO         9947    i._ZN35_INTERNAL_13_usbd_ctlreq_c_f346f8f115USBD_SetFeatureEP19_USBD_HandleTypeDefP13usb_setup_req  usbd_ctlreq.o
    0x08007618   0x00000148   Code   RO         9948    i._ZN35_INTERNAL_13_usbd_ctlreq_c_f346f8f118USBD_GetDescriptorEP19_USBD_HandleTypeDefP13usb_setup_req  usbd_ctlreq.o
    0x08007760   0x0000000c   Code   RO          472    i._ZN3ros11Subscriber_C2Ev  main.o
    0x0800776c   0x00000024   Code   RO         7545    i._ZN3ros16normalizeSecNSecERjS0_  time.o
    0x08007790   0x00000070   Code   RO          259    i._ZN3ros3Msg19serializeAvrFloat64EPhf  main.o
    0x08007800   0x0000006a   Code   RO          265    i._ZN3ros3Msg21deserializeAvrFloat64EPKhPf  main.o
    0x0800786a   0x00000002   PAD
    0x0800786c   0x0000000c   Code   RO          427    i._ZN3ros3MsgC2Ev   main.o
    0x08007878   0x00000008   Code   RO          436    i._ZN3ros4TimeC1Ev  main.o
    0x08007880   0x00000014   Code   RO          195    i._ZN3ros9Publisher7publishEPKNS_3MsgE  main.o
    0x08007894   0x00000008   Code   RO          466    i._ZN3ros9PublisherC1EPKcPNS_3MsgEi  main.o
    0x0800789c   0x0000004c   Code   RO         6486    i._ZN40_INTERNAL_18_stm32f7xx_ll_usb_c_832330cf13USB_CoreResetEP21USB_OTG_GlobalTypeDef  stm32f7xx_ll_usb.o
    0x080078e8   0x0000002c   Code   RO         3315    i._ZN41_INTERNAL_19_stm32f7xx_hal_dma_c_c25f65ec13DMA_SetConfigEP19__DMA_HandleTypeDefjjj  stm32f7xx_hal_dma.o
    0x08007914   0x000000b0   Code   RO         5002    i._ZN41_INTERNAL_19_stm32f7xx_hal_pcd_c_3a5cb0d320PCD_WriteEmptyTxFifoEP17PCD_HandleTypeDefj  stm32f7xx_hal_pcd.o
    0x080079c4   0x0000004e   Code   RO         3980    i._ZN42_INTERNAL_20_stm32f7xx_hal_uart_c_d497114f13UART_DMAErrorEP19__DMA_HandleTypeDef  stm32f7xx_hal_uart.o
    0x08007a12   0x00000088   Code   RO         3981    i._ZN42_INTERNAL_20_stm32f7xx_hal_uart_c_d497114f15UART_Receive_ITEP18UART_HandleTypeDef  stm32f7xx_hal_uart.o
    0x08007a9a   0x0000006a   Code   RO         3982    i._ZN42_INTERNAL_20_stm32f7xx_hal_uart_c_d497114f16UART_Transmit_ITEP18UART_HandleTypeDef  stm32f7xx_hal_uart.o
    0x08007b04   0x0000000e   Code   RO         3983    i._ZN42_INTERNAL_20_stm32f7xx_hal_uart_c_d497114f18UART_DMARxHalfCpltEP19__DMA_HandleTypeDef  stm32f7xx_hal_uart.o
    0x08007b12   0x00000020   Code   RO         3985    i._ZN42_INTERNAL_20_stm32f7xx_hal_uart_c_d497114f18UART_EndRxTransferEP18UART_HandleTypeDef  stm32f7xx_hal_uart.o
    0x08007b32   0x00000014   Code   RO         3986    i._ZN42_INTERNAL_20_stm32f7xx_hal_uart_c_d497114f18UART_EndTxTransferEP18UART_HandleTypeDef  stm32f7xx_hal_uart.o
    0x08007b46   0x00000048   Code   RO         3987    i._ZN42_INTERNAL_20_stm32f7xx_hal_uart_c_d497114f19UART_DMAReceiveCpltEP19__DMA_HandleTypeDef  stm32f7xx_hal_uart.o
    0x08007b8e   0x00000020   Code   RO         3988    i._ZN42_INTERNAL_20_stm32f7xx_hal_uart_c_d497114f19UART_EndTransmit_ITEP18UART_HandleTypeDef  stm32f7xx_hal_uart.o
    0x08007bae   0x00000018   Code   RO         3989    i._ZN42_INTERNAL_20_stm32f7xx_hal_uart_c_d497114f20UART_DMAAbortOnErrorEP19__DMA_HandleTypeDef  stm32f7xx_hal_uart.o
    0x08007bc6   0x00000002   PAD
    0x08007bc8   0x00000084   Code   RO         9454    i._ZN42_INTERNAL_20_usbd_cdc_interface_c_691df63312CDC_Itf_InitEv  usbd_cdc_interface.o
    0x08007c4c   0x0000000c   Code   RO         9455    i._ZN42_INTERNAL_20_usbd_cdc_interface_c_691df63314CDC_Itf_DeInitEv  usbd_cdc_interface.o
    0x08007c58   0x000000ec   Code   RO         9456    i._ZN42_INTERNAL_20_usbd_cdc_interface_c_691df63315CDC_Itf_ControlEhPht  usbd_cdc_interface.o
    0x08007d44   0x000000a4   Code   RO         9457    i._ZN42_INTERNAL_20_usbd_cdc_interface_c_691df63315CDC_Itf_ReceiveEPhPj  usbd_cdc_interface.o
    0x08007de8   0x00000024   Code   RO         9458    i._ZN42_INTERNAL_20_usbd_cdc_interface_c_691df63319CDC_Itf_TxAvailableEv  usbd_cdc_interface.o
    0x08007e0c   0x00000028   Code   RO         3161    i._ZN44_INTERNAL_22_stm32f7xx_hal_cortex_c_2992dbc016NVIC_SetPriorityE9IRQn_Typej  stm32f7xx_hal_cortex.o
    0x08007e34   0x00000010   Code   RO         3162    i._ZN44_INTERNAL_22_stm32f7xx_hal_cortex_c_2992dbc024NVIC_GetPriorityGroupingEv  stm32f7xx_hal_cortex.o
    0x08007e44   0x00000058   Code   RO         6094    i._ZN44_INTERNAL_22_stm32f7xx_hal_tim_ex_c_e8ef392017TIM_OC5_SetConfigEP11TIM_TypeDefP18TIM_OC_InitTypeDef  stm32f7xx_hal_tim_ex.o
    0x08007e9c   0x00000058   Code   RO         6095    i._ZN44_INTERNAL_22_stm32f7xx_hal_tim_ex_c_e8ef392017TIM_OC6_SetConfigEP11TIM_TypeDefP18TIM_OC_InitTypeDef  stm32f7xx_hal_tim_ex.o
    0x08007ef4   0x00000310   Code   RO         7440    i._ZN4cIMU10computeIMUEv  imu.o
    0x08008204   0x000000a4   Code   RO         7441    i._ZN4cIMU5beginEj  imu.o
    0x080082a8   0x000000a8   Code   RO         7442    i._ZN4cIMU6updateEj  imu.o
    0x08008350   0x00000038   Code   RO         7443    i._ZN4cIMUC1Ev      imu.o
    0x08008388   0x0000001c   Code   RO         1521    i._ZN6CMotor10controllerEv  cmotor.o
    0x080083a4   0x00000022   Code   RO         1522    i._ZN6CMotor11readEncoderERiS0_S0_  cmotor.o
    0x080083c6   0x00000076   Code   RO         1523    i._ZN6CMotor13FeedbackSpeedEddd  cmotor.o
    0x0800843c   0x00000002   Code   RO         1524    i._ZN6CMotor4InitEv  cmotor.o
    0x0800843e   0x00000018   Code   RO         1525    i._ZN6CMotor8setSpeedEddd  cmotor.o
    0x08008456   0x00000002   PAD
    0x08008458   0x00000188   Code   RO         1526    i._ZN6CMotorC1Ev    cmotor.o
    0x080085e0   0x00000002   Code   RO         1527    i._ZN6CMotorD1Ev    cmotor.o
    0x080085e2   0x00000002   Code   RO         1643    i._ZN6CSonarC1Ev    csonar.o
    0x080085e4   0x00000002   Code   RO         1644    i._ZN6CSonarD1Ev    csonar.o
    0x080085e6   0x00000006   Code   RO          460    i._ZN7CKalman17setMeasureNoise_REd  main.o
    0x080085ec   0x000000b8   Code   RO         1602    i._ZN7CKalman6updateEf  ckalman.o
    0x080086a4   0x0000002c   Code   RO         1603    i._ZN7CKalmanC1Ev   ckalman.o
    0x080086d0   0x00000002   Code   RO         1604    i._ZN7CKalmanD1Ev   ckalman.o
    0x080086d2   0x000000ce   Code   RO         7283    i._ZN8Madgwick13computeAnglesEv  madgwickahrs.o
    0x080087a0   0x00000070   Code   RO         7285    i._ZN8Madgwick7invSqrtEf  madgwickahrs.o
    0x08008810   0x0000066c   Code   RO         7286    i._ZN8Madgwick9updateIMUEffffff  madgwickahrs.o
    0x08008e7c   0x00000024   Code   RO         7287    i._ZN8MadgwickC1Ev  madgwickahrs.o
    0x08008ea0   0x00000028   Code   RO         7189    i._ZN8SPIClassC1EP11SPI_TypeDef  spi.o
    0x08008ec8   0x00000088   Code   RO         7322    i._ZN8cMPU925010acc_commonEv  mpu9250.o
    0x08008f50   0x0000000e   Code   RO         7323    i._ZN8cMPU925010mag_commonEv  mpu9250.o
    0x08008f5e   0x00000048   Code   RO         7324    i._ZN8cMPU925011acc_get_adcEv  mpu9250.o
    0x08008fa6   0x00000002   PAD
    0x08008fa8   0x00000094   Code   RO         7325    i._ZN8cMPU925011gyro_commonEv  mpu9250.o
    0x0800903c   0x0000009c   Code   RO         7326    i._ZN8cMPU925011mag_get_adcEv  mpu9250.o
    0x080090d8   0x00000048   Code   RO         7327    i._ZN8cMPU925012gyro_get_adcEv  mpu9250.o
    0x08009120   0x00000010   Code   RO         7331    i._ZN8cMPU925018gyro_cali_get_doneEv  mpu9250.o
    0x08009130   0x0000000a   Code   RO         7332    i._ZN8cMPU92504initEv  mpu9250.o
    0x0800913a   0x00000024   Code   RO         7333    i._ZN8cMPU92505beginEv  mpu9250.o
    0x0800915e   0x00000026   Code   RO         7334    i._ZN8cMPU92508acc_initEv  mpu9250.o
    0x08009184   0x00000026   Code   RO         7335    i._ZN8cMPU92508mag_initEv  mpu9250.o
    0x080091aa   0x0000002c   Code   RO         7336    i._ZN8cMPU92509gyro_initEv  mpu9250.o
    0x080091d6   0x00000012   Code   RO         7337    i._ZN8cMPU9250C1Ev  mpu9250.o
    0x080091e8   0x0000000c   Code   RO          949    i._ZN8nav_msgs8Odometry6getMD5Ev  main.o
    0x080091f4   0x0000000c   Code   RO          943    i._ZN8nav_msgs8Odometry7getTypeEv  main.o
    0x08009200   0x00000060   Code   RO          487    i._ZN8nav_msgs8OdometryC1Ev  main.o
    0x08009260   0x0000005c   Code   RO          233    i._ZN8std_msgs4Time11deserializeEPh  main.o
    0x080092bc   0x0000000c   Code   RO          690    i._ZN8std_msgs4Time6getMD5Ev  main.o
    0x080092c8   0x0000000c   Code   RO          684    i._ZN8std_msgs4Time7getTypeEv  main.o
    0x080092d4   0x00000020   Code   RO          214    i._ZN8std_msgs4TimeC1Ev  main.o
    0x080092f4   0x000000ae   Code   RO          337    i._ZN8std_msgs6Header11deserializeEPh  main.o
    0x080093a2   0x00000002   PAD
    0x080093a4   0x0000000c   Code   RO          702    i._ZN8std_msgs6Header6getMD5Ev  main.o
    0x080093b0   0x0000000c   Code   RO          696    i._ZN8std_msgs6Header7getTypeEv  main.o
    0x080093bc   0x00000030   Code   RO          307    i._ZN8std_msgs6HeaderC1Ev  main.o
    0x080093ec   0x0000004c   Code   RO         7682    i._ZN9UARTClass9RxHandlerEv  uartclass.o
    0x08009438   0x00000024   Code   RO         7684    i._ZN9UARTClass9availableEv  uartclass.o
    0x0800945c   0x00000068   Code   RO         7685    i._ZN9UARTClassC1Ehh  uartclass.o
    0x080094c4   0x0000001c   Code   RO         8749    i._ZN9USBSerial4readEv  usbserial.o
    0x080094e0   0x00000002   Code   RO         8750    i._ZN9USBSerial5beginEj  usbserial.o
    0x080094e2   0x00000020   Code   RO         8753    i._ZN9USBSerial5writeEPKhj  usbserial.o
    0x08009502   0x00000002   PAD
    0x08009504   0x00000038   Code   RO         8758    i._ZN9USBSerialC1Ev  usbserial.o
    0x0800953c   0x0000008c   Code   RO          882    i._ZNK11sensor_msgs3Imu9serializeEPh  main.o
    0x080095c8   0x00000034   Code   RO          355    i._ZNK13geometry_msgs10Quaternion9serializeEPh  main.o
    0x080095fc   0x00000040   Code   RO          852    i._ZNK13geometry_msgs16TransformStamped9serializeEPh  main.o
    0x0800963c   0x00000034   Code   RO          385    i._ZNK13geometry_msgs18PoseWithCovariance9serializeEPh  main.o
    0x08009670   0x00000034   Code   RO          415    i._ZNK13geometry_msgs19TwistWithCovariance9serializeEPh  main.o
    0x080096a4   0x00000022   Code   RO          834    i._ZNK13geometry_msgs25PoseWithCovarianceStamped9serializeEPh  main.o
    0x080096c6   0x00000022   Code   RO          379    i._ZNK13geometry_msgs4Pose9serializeEPh  main.o
    0x080096e8   0x0000002a   Code   RO          373    i._ZNK13geometry_msgs5Point9serializeEPh  main.o
    0x08009712   0x00000022   Code   RO          367    i._ZNK13geometry_msgs5Twist9serializeEPh  main.o
    0x08009734   0x0000002a   Code   RO          361    i._ZNK13geometry_msgs7Vector39serializeEPh  main.o
    0x0800975e   0x00000022   Code   RO          391    i._ZNK13geometry_msgs9Transform9serializeEPh  main.o
    0x08009780   0x000000fe   Code   RO          756    i._ZNK14rosserial_msgs20RequestParamResponse9serializeEPh  main.o
    0x0800987e   0x00000030   Code   RO          732    i._ZNK14rosserial_msgs3Log9serializeEPh  main.o
    0x080098ae   0x00000092   Code   RO          708    i._ZNK14rosserial_msgs9TopicInfo9serializeEPh  main.o
    0x08009940   0x000000bc   Code   RO          955    i._ZNK15turtlebot3_msgs11SensorState9serializeEPh  main.o
    0x080099fc   0x00000054   Code   RO          906    i._ZNK2tf9tfMessage9serializeEPh  main.o
    0x08009a50   0x0000004c   Code   RO          931    i._ZNK8nav_msgs8Odometry9serializeEPh  main.o
    0x08009a9c   0x00000044   Code   RO          678    i._ZNK8std_msgs4Time9serializeEPh  main.o
    0x08009ae0   0x00000084   Code   RO          349    i._ZNK8std_msgs6Header9serializeEPh  main.o
    0x08009b64   0x00000028   Code   RO        10889    i.__ARM_fpclassify  m_ws.l(fpclassify.o)
    0x08009b8c   0x00000026   Code   RO        10789    i.__ARM_fpclassifyf  m_ws.l(fpclassifyf.o)
    0x08009bb2   0x00000010   Code   RO        10197    i.__cxa_guard_acquire  cpprt_w.l(cxa_guard_acquire.o)
    0x08009bc2   0x00000006   Code   RO        10194    i.__cxa_pure_virtual  cpprt_w.l(pure_virt.o)
    0x08009bc8   0x0000005c   Code   RO        10690    i.__free$realloc    mc_w.l(mallocr.o)
    0x08009c24   0x00000388   Code   RO        10805    i.__ieee754_rem_pio2  m_ws.l(rred.o)
    0x08009fac   0x000000fc   Code   RO        10772    i.__kernel_cos      m_ws.l(cos_i.o)
    0x0800a0a8   0x000000aa   Code   RO        10891    i.__kernel_poly     m_ws.l(poly.o)
    0x0800a152   0x00000002   PAD
    0x0800a154   0x000000ec   Code   RO        10810    i.__kernel_sin      m_ws.l(sin_i.o)
    0x0800a240   0x00000050   Code   RO        10691    i.__malloc$realloc  mc_w.l(mallocr.o)
    0x0800a290   0x00000006   Code   RO        10776    i.__mathlib_dbl_infnan  m_ws.l(dunder.o)
    0x0800a296   0x0000000c   Code   RO        10778    i.__mathlib_dbl_invalid  m_ws.l(dunder.o)
    0x0800a2a2   0x00000002   PAD
    0x0800a2a4   0x00000010   Code   RO        10781    i.__mathlib_dbl_underflow  m_ws.l(dunder.o)
    0x0800a2b4   0x00000006   Code   RO        10792    i.__mathlib_flt_infnan  m_ws.l(funder.o)
    0x0800a2ba   0x00000004   Code   RO        10793    i.__mathlib_flt_infnan2  m_ws.l(funder.o)
    0x0800a2be   0x00000008   Code   RO        10794    i.__mathlib_flt_invalid  m_ws.l(funder.o)
    0x0800a2c6   0x0000000a   Code   RO        10797    i.__mathlib_flt_underflow  m_ws.l(funder.o)
    0x0800a2d0   0x0000000e   Code   RO        10923    i.__scatterload_copy  mc_w.l(handlers.o)
    0x0800a2de   0x00000002   Code   RO        10924    i.__scatterload_null  mc_w.l(handlers.o)
    0x0800a2e0   0x0000000e   Code   RO        10925    i.__scatterload_zeroinit  mc_w.l(handlers.o)
    0x0800a2ee   0x00000002   PAD
    0x0800a2f0   0x0000000c   Code   RO        10847    i.__set_errno       mc_w.l(errno.o)
    0x0800a2fc   0x00000020   Code   RO         2292    i.__sti___10_drv_uart_c_81d51d31  drv_uart.o
    0x0800a31c   0x00000024   Code   RO         7192    i.__sti___7_SPI_cpp_SPI  spi.o
    0x0800a340   0x000001d0   Code   RO           20    i.__sti___8_main_cpp_ttt_mp  main.o
    0x0800a510   0x00000124   Code   RO        10310    i.asinf             m_ws.l(asinf.o)
    0x0800a634   0x0000025c   Code   RO        10318    i.atan2f            m_ws.l(atan2f.o)
    0x0800a890   0x00000014   Code   RO         2753    i.attachInterrupt   drv_exti.o
    0x0800a8a4   0x00000174   Code   RO         2153    i.bsp_init          bsp.o
    0x0800aa18   0x0000009c   Code   RO        10330    i.cos               m_ws.l(cos.o)
    0x0800aab4   0x00000014   Code   RO         1897    i.delay_init        delay.o
    0x0800aac8   0x00000018   Code   RO         1898    i.delay_ms          delay.o
    0x0800aae0   0x00000048   Code   RO         1899    i.delay_us          delay.o
    0x0800ab28   0x0000002c   Code   RO         2096    i.digitalRead       drv_pin.o
    0x0800ab54   0x00000040   Code   RO         1994    i.drv_Led_Init      drv_led.o
    0x0800ab94   0x00000078   Code   RO         2754    i.drv_exti_init     drv_exti.o
    0x0800ac0c   0x00000068   Code   RO         2475    i.drv_micros_init   drv_micros.o
    0x0800ac74   0x000001f0   Code   RO         2651    i.drv_motor_pwm_init  drv_motor.o
    0x0800ae64   0x00000090   Code   RO         2652    i.drv_pwm_set_duty  drv_motor.o
    0x0800aef4   0x000000c0   Code   RO         2024    i.drv_spi_init      drv_spi.o
    0x0800afb4   0x00000020   Code   RO         2520    i.drv_timer_attachInterrupt  drv_timer.o
    0x0800afd4   0x000003e0   Code   RO         2522    i.drv_timer_init    drv_timer.o
    0x0800b3b4   0x00000038   Code   RO         2523    i.drv_timer_pause   drv_timer.o
    0x0800b3ec   0x0000004c   Code   RO         2525    i.drv_timer_resume  drv_timer.o
    0x0800b438   0x00000090   Code   RO         2526    i.drv_timer_set_period  drv_timer.o
    0x0800b4c8   0x0000003c   Code   RO         2293    i.drv_uart_available  drv_uart.o
    0x0800b504   0x00000018   Code   RO         2295    i.drv_uart_err_handler  drv_uart.o
    0x0800b51c   0x0000000c   Code   RO         2297    i.drv_uart_get_mode  drv_uart.o
    0x0800b528   0x00000030   Code   RO         2298    i.drv_uart_init     drv_uart.o
    0x0800b558   0x00000030   Code   RO         2300    i.drv_uart_read_buf  drv_uart.o
    0x0800b588   0x00000048   Code   RO         2301    i.drv_uart_start_rx  drv_uart.o
    0x0800b5d0   0x00000050   Code   RO        10692    i.internal_alloc    mc_w.l(mallocr.o)
    0x0800b620   0x00000214   Code   RO           21    i.main              main.o
    0x0800b834   0x0000000c   Code   RO         2476    i.micros            drv_micros.o
    0x0800b840   0x00000002   Code   RO         1815    i.osSystickHandler  stm32f7xx_it.o
    0x0800b842   0x00000002   PAD
    0x0800b844   0x0000007c   Code   RO         2098    i.pinMode           drv_pin.o
    0x0800b8c0   0x0000006c   Code   RO        10693    i.realloc           mc_w.l(mallocr.o)
    0x0800b92c   0x000000a0   Code   RO        10338    i.sin               m_ws.l(sin.o)
    0x0800b9cc   0x0000004c   Code   RO        10346    i.sqrt              m_ws.l(sqrt.o)
    0x0800ba18   0x0000002c   Code   RO        10354    i.sqrtf             m_ws.l(sqrtf.o)
    0x0800ba44   0x00000008   Code   RO         2841    i.vcp_getch         vcp.o
    0x0800ba4c   0x00000008   Code   RO         2843    i.vcp_is_available  vcp.o
    0x0800ba54   0x00000050   Code   RO         2848    i.vcp_write         vcp.o
    0x0800baa4   0x00000030   Code   RO         2698    i.wdg_setup         wdg.o
    0x0800bad4   0x00000004   Code   RO         2699    i.wdg_start         wdg.o
    0x0800bad8   0x0000000c   Code   RO          654    t._ZN3ros10SubscriberIN13geometry_msgs25PoseWithCovarianceStampedEvE10getMsgTypeEv  main.o
    0x0800bae4   0x00000008   Code   RO          672    t._ZN3ros10SubscriberIN13geometry_msgs25PoseWithCovarianceStampedEvE15getEndpointTypeEv  main.o
    0x0800baec   0x0000001c   Code   RO          642    t._ZN3ros10SubscriberIN13geometry_msgs25PoseWithCovarianceStampedEvE8callbackEPh  main.o
    0x0800bb08   0x0000000c   Code   RO          666    t._ZN3ros10SubscriberIN13geometry_msgs25PoseWithCovarianceStampedEvE9getMsgMD5Ev  main.o
    0x0800bb14   0x0000005c   Code   RO          475    t._ZN3ros10SubscriberIN13geometry_msgs25PoseWithCovarianceStampedEvEC1EPKcPFvRKS2_Ei  main.o
    0x0800bb70   0x0000000c   Code   RO          618    t._ZN3ros10SubscriberIN13geometry_msgs5TwistEvE10getMsgTypeEv  main.o
    0x0800bb7c   0x00000006   Code   RO          636    t._ZN3ros10SubscriberIN13geometry_msgs5TwistEvE15getEndpointTypeEv  main.o
    0x0800bb82   0x0000001a   Code   RO          606    t._ZN3ros10SubscriberIN13geometry_msgs5TwistEvE8callbackEPh  main.o
    0x0800bb9c   0x0000000c   Code   RO          630    t._ZN3ros10SubscriberIN13geometry_msgs5TwistEvE9getMsgMD5Ev  main.o
    0x0800bba8   0x0000013c   Code   RO          239    t._ZN3ros11NodeHandle_I15ArduinoHardwareLi25ELi25ELi1024ELi1024EE15negotiateTopicsEv  main.o
    0x0800bce4   0x00000020   Code   RO          220    t._ZN3ros11NodeHandle_I15ArduinoHardwareLi25ELi25ELi1024ELi1024EE15requestSyncTimeEv  main.o
    0x0800bd04   0x0000003c   Code   RO          188    t._ZN3ros11NodeHandle_I15ArduinoHardwareLi25ELi25ELi1024ELi1024EE3logEcPKc  main.o
    0x0800bd40   0x0000004e   Code   RO          202    t._ZN3ros11NodeHandle_I15ArduinoHardwareLi25ELi25ELi1024ELi1024EE3nowEv  main.o
    0x0800bd8e   0x00000002   PAD
    0x0800bd90   0x000000e0   Code   RO          599    t._ZN3ros11NodeHandle_I15ArduinoHardwareLi25ELi25ELi1024ELi1024EE7publishEiPKNS_3MsgE  main.o
    0x0800be70   0x00000276   Code   RO          246    t._ZN3ros11NodeHandle_I15ArduinoHardwareLi25ELi25ELi1024ELi1024EE8spinOnceEv  main.o
    0x0800c0e6   0x00000002   PAD
    0x0800c0e8   0x000000a0   Code   RO          454    t._ZN3ros11NodeHandle_I15ArduinoHardwareLi25ELi25ELi1024ELi1024EE8syncTimeEPh  main.o
    0x0800c188   0x00000030   Code   RO          253    t._ZN3ros11NodeHandle_I15ArduinoHardwareLi25ELi25ELi1024ELi1024EE9advertiseERNS_9PublisherE  main.o
    0x0800c1b8   0x000000cc   Code   RO          271    t._ZN3ros11NodeHandle_I15ArduinoHardwareLi25ELi25ELi1024ELi1024EEC1Ev  main.o
    0x0800c284   0x0000001c   Data   RO           41    .constdata          main.o
    0x0800c2a0   0x00000018   Data   RO         1697    .constdata          system_stm32f7xx.o
    0x0800c2b8   0x0000054c   Data   RO         2104    .constdata          drv_pin.o
    0x0800c804   0x00000210   Data   RO         7705    .constdata          uartclass.o
    0x0800ca14   0x00000004   PAD
    0x0800ca18   0x00000030   Data   RO        10773    .constdata          m_ws.l(cos_i.o)
    0x0800ca48   0x000000c8   Data   RO        10807    .constdata          m_ws.l(rred.o)
    0x0800cb10   0x00000028   Data   RO        10811    .constdata          m_ws.l(sin_i.o)
    0x0800cb38   0x0000000c   Data   RO         8856    .constdata__ZTV5Print  usbserial.o
    0x0800cb44   0x0000001c   Data   RO         8858    .constdata__ZTV6Stream  usbserial.o
    0x0800cb60   0x0000002c   Data   RO         7795    .constdata__ZTV9UARTClass  uartclass.o
    0x0800cb8c   0x00000020   Data   RO         8854    .constdata__ZTV9USBSerial  usbserial.o
    0x0800cbac   0x00000018   Data   RO          514    .constdata__ZTVN11sensor_msgs3ImuE  main.o
    0x0800cbc4   0x00000018   Data   RO          510    .constdata__ZTVN13geometry_msgs10QuaternionE  main.o
    0x0800cbdc   0x00000018   Data   RO          528    .constdata__ZTVN13geometry_msgs16TransformStampedE  main.o
    0x0800cbf4   0x00000018   Data   RO          522    .constdata__ZTVN13geometry_msgs18PoseWithCovarianceE  main.o
    0x0800cc0c   0x00000018   Data   RO          534    .constdata__ZTVN13geometry_msgs19TwistWithCovarianceE  main.o
    0x0800cc24   0x00000018   Data   RO          524    .constdata__ZTVN13geometry_msgs25PoseWithCovarianceStampedE  main.o
    0x0800cc3c   0x00000018   Data   RO          520    .constdata__ZTVN13geometry_msgs4PoseE  main.o
    0x0800cc54   0x00000018   Data   RO          518    .constdata__ZTVN13geometry_msgs5PointE  main.o
    0x0800cc6c   0x00000018   Data   RO          516    .constdata__ZTVN13geometry_msgs5TwistE  main.o
    0x0800cc84   0x00000018   Data   RO          512    .constdata__ZTVN13geometry_msgs7Vector3E  main.o
    0x0800cc9c   0x00000018   Data   RO          526    .constdata__ZTVN13geometry_msgs9TransformE  main.o
    0x0800ccb4   0x00000018   Data   RO          502    .constdata__ZTVN14rosserial_msgs20RequestParamResponseE  main.o
    0x0800cccc   0x00000018   Data   RO          500    .constdata__ZTVN14rosserial_msgs3LogE  main.o
    0x0800cce4   0x00000018   Data   RO          498    .constdata__ZTVN14rosserial_msgs9TopicInfoE  main.o
    0x0800ccfc   0x00000018   Data   RO          538    .constdata__ZTVN15turtlebot3_msgs11SensorStateE  main.o
    0x0800cd14   0x00000018   Data   RO          530    .constdata__ZTVN2tf9tfMessageE  main.o
    0x0800cd2c   0x00000018   Data   RO          542    .constdata__ZTVN3ros10SubscriberIN13geometry_msgs25PoseWithCovarianceStampedEvEE  main.o
    0x0800cd44   0x00000018   Data   RO          540    .constdata__ZTVN3ros10SubscriberIN13geometry_msgs5TwistEvEE  main.o
    0x0800cd5c   0x00000014   Data   RO          532    .constdata__ZTVN3ros11NodeHandle_I15ArduinoHardwareLi25ELi25ELi1024ELi1024EEE  main.o
    0x0800cd70   0x00000018   Data   RO          506    .constdata__ZTVN3ros11Subscriber_E  main.o
    0x0800cd88   0x00000014   Data   RO          504    .constdata__ZTVN3ros15NodeHandleBase_E  main.o
    0x0800cd9c   0x00000018   Data   RO          494    .constdata__ZTVN3ros3MsgE  main.o
    0x0800cdb4   0x00000018   Data   RO          536    .constdata__ZTVN8nav_msgs8OdometryE  main.o
    0x0800cdcc   0x00000018   Data   RO          496    .constdata__ZTVN8std_msgs4TimeE  main.o
    0x0800cde4   0x00000018   Data   RO          508    .constdata__ZTVN8std_msgs6HeaderE  main.o
    0x0800cdfc   0x00000021   Data   RO          161    .constdata__ZZN11sensor_msgs3Imu6getMD5EvEs  main.o
    0x0800ce1d   0x00000010   Data   RO          160    .constdata__ZZN11sensor_msgs3Imu7getTypeEvEs  main.o
    0x0800ce2d   0x00000021   Data   RO          157    .constdata__ZZN13geometry_msgs10Quaternion6getMD5EvEs  main.o
    0x0800ce4e   0x00000019   Data   RO          156    .constdata__ZZN13geometry_msgs10Quaternion7getTypeEvEs  main.o
    0x0800ce67   0x00000021   Data   RO          176    .constdata__ZZN13geometry_msgs16TransformStamped6getMD5EvEs  main.o
    0x0800ce88   0x0000001f   Data   RO          175    .constdata__ZZN13geometry_msgs16TransformStamped7getTypeEvEs  main.o
    0x0800cea7   0x00000001   Data   RO          174    .constdata__ZZN13geometry_msgs16TransformStampedC1EvEs  main.o
    0x0800cea8   0x00000021   Data   RO          169    .constdata__ZZN13geometry_msgs18PoseWithCovariance6getMD5EvEs  main.o
    0x0800cec9   0x00000021   Data   RO          168    .constdata__ZZN13geometry_msgs18PoseWithCovariance7getTypeEvEs  main.o
    0x0800ceea   0x00000021   Data   RO          181    .constdata__ZZN13geometry_msgs19TwistWithCovariance6getMD5EvEs  main.o
    0x0800cf0b   0x00000022   Data   RO          180    .constdata__ZZN13geometry_msgs19TwistWithCovariance7getTypeEvEs  main.o
    0x0800cf2d   0x00000021   Data   RO          171    .constdata__ZZN13geometry_msgs25PoseWithCovarianceStamped6getMD5EvEs  main.o
    0x0800cf4e   0x00000028   Data   RO          170    .constdata__ZZN13geometry_msgs25PoseWithCovarianceStamped7getTypeEvEs  main.o
    0x0800cf76   0x00000021   Data   RO          167    .constdata__ZZN13geometry_msgs4Pose6getMD5EvEs  main.o
    0x0800cf97   0x00000013   Data   RO          166    .constdata__ZZN13geometry_msgs4Pose7getTypeEvEs  main.o
    0x0800cfaa   0x00000021   Data   RO          165    .constdata__ZZN13geometry_msgs5Point6getMD5EvEs  main.o
    0x0800cfcb   0x00000014   Data   RO          164    .constdata__ZZN13geometry_msgs5Point7getTypeEvEs  main.o
    0x0800cfdf   0x00000021   Data   RO          163    .constdata__ZZN13geometry_msgs5Twist6getMD5EvEs  main.o
    0x0800d000   0x00000014   Data   RO          162    .constdata__ZZN13geometry_msgs5Twist7getTypeEvEs  main.o
    0x0800d014   0x00000021   Data   RO          159    .constdata__ZZN13geometry_msgs7Vector36getMD5EvEs  main.o
    0x0800d035   0x00000016   Data   RO          158    .constdata__ZZN13geometry_msgs7Vector37getTypeEvEs  main.o
    0x0800d04b   0x00000021   Data   RO          173    .constdata__ZZN13geometry_msgs9Transform6getMD5EvEs  main.o
    0x0800d06c   0x00000018   Data   RO          172    .constdata__ZZN13geometry_msgs9Transform7getTypeEvEs  main.o
    0x0800d084   0x00000021   Data   RO          152    .constdata__ZZN14rosserial_msgs20RequestParamResponse6getMD5EvEs  main.o
    0x0800d0a5   0x00000021   Data   RO          151    .constdata__ZZN14rosserial_msgs3Log6getMD5EvEs  main.o
    0x0800d0c6   0x00000013   Data   RO          150    .constdata__ZZN14rosserial_msgs3Log7getTypeEvEs  main.o
    0x0800d0d9   0x00000001   Data   RO          149    .constdata__ZZN14rosserial_msgs3LogC1EvEs  main.o
    0x0800d0da   0x00000021   Data   RO          148    .constdata__ZZN14rosserial_msgs9TopicInfo6getMD5EvEs  main.o
    0x0800d0fb   0x00000019   Data   RO          147    .constdata__ZZN14rosserial_msgs9TopicInfo7getTypeEvEs  main.o
    0x0800d114   0x00000001   Data   RO          146    .constdata__ZZN14rosserial_msgs9TopicInfoC1EvEs  main.o
    0x0800d115   0x00000021   Data   RO          186    .constdata__ZZN15turtlebot3_msgs11SensorState6getMD5EvEs  main.o
    0x0800d136   0x0000001c   Data   RO          185    .constdata__ZZN15turtlebot3_msgs11SensorState7getTypeEvEs  main.o
    0x0800d152   0x00000004   Data   RO          179    .constdata__ZZN2tf20TransformBroadcasterC1EvEs  main.o
    0x0800d156   0x00000021   Data   RO          178    .constdata__ZZN2tf9tfMessage6getMD5EvEs  main.o
    0x0800d177   0x0000000d   Data   RO          177    .constdata__ZZN2tf9tfMessage7getTypeEvEs  main.o
    0x0800d184   0x00000039   Data   RO          187    .constdata__ZZN3ros11NodeHandle_I15ArduinoHardwareLi25ELi25ELi1024ELi1024EE7publishEiPKNS_3MsgEEs  main.o
    0x0800d1bd   0x00000021   Data   RO          184    .constdata__ZZN8nav_msgs8Odometry6getMD5EvEs  main.o
    0x0800d1de   0x00000012   Data   RO          183    .constdata__ZZN8nav_msgs8Odometry7getTypeEvEs  main.o
    0x0800d1f0   0x00000001   Data   RO          182    .constdata__ZZN8nav_msgs8OdometryC1EvEs  main.o
    0x0800d1f1   0x00000021   Data   RO          145    .constdata__ZZN8std_msgs4Time6getMD5EvEs  main.o
    0x0800d212   0x0000000e   Data   RO          144    .constdata__ZZN8std_msgs4Time7getTypeEvEs  main.o
    0x0800d220   0x00000021   Data   RO          155    .constdata__ZZN8std_msgs6Header6getMD5EvEs  main.o
    0x0800d241   0x00000010   Data   RO          154    .constdata__ZZN8std_msgs6Header7getTypeEvEs  main.o
    0x0800d251   0x00000001   Data   RO          153    .constdata__ZZN8std_msgs6HeaderC1EvEs  main.o
    0x0800d252   0x00000002   PAD
    0x0800d254   0x00000010   Data   RO         9472    .conststring        usbd_cdc_interface.o
    0x0800d264   0x00000040   Data   RO        10921    Region$$Table       anon$$obj.o
    0x0800d2a4   0x00000004   Data   RO           43    .init_array         main.o
    0x0800d2a8   0x00000004   Data   RO         2330    .init_array         drv_uart.o
    0x0800d2ac   0x00000004   Data   RO         7208    .init_array         spi.o
    0x0800d2b0   0x00000000   Data   RO        10717    .init_array         mc_w.l(cpp_init.o)


    Execution Region RW_IRAM2 (Base: 0x20000000, Size: 0x00004a88, Max: 0x00010000, ABSOLUTE, COMPRESSED[0x000000b4])

    Base Addr    Size         Type   Attr      Idx    E Section Name        Object

    0x20000000   0x00000004   Data   RW         1698    .data               system_stm32f7xx.o
    0x20000004   0x00000004   Data   RW         1903    .data               delay.o
    0x20000008   0x00000004   Data   RW         3007    .data               stm32f7xx_hal.o
    0x2000000c   0x00000014   Data   RW         7449    .data               imu.o
    0x20000020   0x00000110   Data   RW         9350    .data               usbd_cdc.o
    0x20000130   0x0000004e   Data   RW        10063    .data               usbd_desc.o
    0x2000017e   0x00000002   PAD
    0x20000180   0x00000004   Data   RW        10844    .data               mc_w.l(mvars.o)
    0x20000184   0x00000004   Data   RW        10858    .data               mc_w.l(cpp_dtor.o)
    0x20000188   0x00000224   Zero   RW         2162    .bss                bsp.o
    0x200003ac   0x0000003c   Zero   RW         2479    .bss                drv_micros.o
    0x200003e8   0x00000160   Zero   RW         2656    .bss                drv_motor.o
    0x20000548   0x000000c0   Zero   RW         2766    .bss                drv_exti.o
    0x20000608   0x00000068   Zero   RW         7207    .bss                spi.o
    0x20000670   0x00000018   Zero   RW         7354    .bss                mpu9250.o
    0x20000688   0x00004400   Zero   RW         1888    HEAP                startup_stm32f746xx.o


    Execution Region RW_IRAM1 (Base: 0x20010000, Size: 0x00014a90, Max: 0x00020000, ABSOLUTE)

    Base Addr    Size         Type   Attr      Idx    E Section Name        Object

    0x20010000   0x00000089   Data   RW           42    .data               main.o
    0x20010089   0x00000003   PAD
    0x2001008c   0x00000014   Data   RW         2329    .data               drv_uart.o
    0x200100a0   0x00000018   Data   RW         2657    .data               drv_motor.o
    0x200100b8   0x00000044   Data   RW         9473    .data               usbd_cdc_interface.o
    0x200100fc   0x00000001   Data   RW         9963    .data               usbd_ctlreq.o
    0x200100fd   0x00000003   PAD
    0x20010100   0x00000004   Data   RW        10843    .data               mc_w.l(mvars.o)
    0x20010104   0x00000004   Data   RW        10848    .data               mc_w.l(errno.o)
    0x20010108   0x000013b0   Zero   RW           40    .bss                main.o
    0x200114b8   0x00000148   Zero   RW         2035    .bss                drv_spi.o
    0x20011600   0x000015a0   Zero   RW         2328    .bss                drv_uart.o
    0x20012ba0   0x000001b8   Zero   RW         2544    .bss                drv_timer.o
    0x20012d58   0x00000010   Zero   RW         2704    .bss                wdg.o
    0x20012d68   0x00000024   Zero   RW         7448    .bss                imu.o
    0x20012d8c   0x00005840   Zero   RW         9471    .bss                usbd_cdc_interface.o
    0x200185cc   0x000003c0   Zero   RW         9611    .bss                usbd_conf.o
    0x2001898c   0x00000100   Zero   RW        10062    .bss                usbd_desc.o
    0x20018a8c   0x00000004   PAD
    0x20018a90   0x0000c000   Zero   RW         1887    STACK               startup_stm32f746xx.o


==============================================================================

Image component sizes


      Code (inc. data)   RO Data    RW Data    ZI Data      Debug   Object Name

       530         38          0          0        548      39822   bsp.o
       230         22          0          0          0       2228   ckalman.o
      1338         46          0          0          0       7348   cmotor.o
        18          0          0          0          0        860   cpackage.o
         4          0          0          0          0        808   csonar.o
       116          8          0          4          0       1763   delay.o
       966         40          0          0        192       6426   drv_exti.o
        64          4          0          0          0        511   drv_led.o
       116         26          0          0         60       1487   drv_micros.o
       972         50          0         24        352       3216   drv_motor.o
       168         16       1356          0          0       3505   drv_pin.o
       192         22          0          0        328       1409   drv_spi.o
      1848        130          0          0        440       8803   drv_timer.o
       562        130          4         20       5536      12125   drv_uart.o
         0          0          0          0          0       1232   duration.o
      1172         52          0         20         36       6292   imu.o
      1998         14          0          0          0       3372   madgwickahrs.o
      9914       1064       1734        137       5040     430939   main.o
       798          8          0          0         24       6676   mpu9250.o
       788          6          0          0          0       7011   mpu9250_iic.o
       812         54          0          0          0       4734   myiic.o
        76         32          4          0        104       2892   spi.o
        36          8        456          0      66560        804   startup_stm32f746xx.o
       136         20          0          4          0       3961   stm32f7xx_hal.o
       366         28          0          0          0      36767   stm32f7xx_hal_cortex.o
       826         10          0          0          0       3723   stm32f7xx_hal_dma.o
       600         56          0          0          0       4087   stm32f7xx_hal_gpio.o
        98          0          0          0          0       1108   stm32f7xx_hal_iwdg.o
      3106         44          0          0          0      10565   stm32f7xx_hal_pcd.o
       134          4          0          0          0       2897   stm32f7xx_hal_pcd_ex.o
       144          8          0          0          0       1228   stm32f7xx_hal_pwr_ex.o
      1848         48          0          0          0       4054   stm32f7xx_hal_rcc.o
      1472        104          0          0          0      11209   stm32f7xx_hal_tim.o
       548         26          0          0          0       2688   stm32f7xx_hal_tim_ex.o
      1228         16          0          0          0       8697   stm32f7xx_hal_uart.o
        36          0          0          0          0       3414   stm32f7xx_it.o
      3110         58          0          0          0      19058   stm32f7xx_ll_usb.o
       110          0          0          0          0        665   system_clock.o
        84         16         24          4          0     407003   system_stm32f7xx.o
        36          6          0          0          0        940   time.o
       216         12        572          0          0       3100   uartclass.o
       728         30          0        272          0      15174   usbd_cdc.o
       984        192         16         68      22592       7382   usbd_cdc_interface.o
      1228         42          0          0        960      14723   usbd_conf.o
       792          0          0          0          0      10625   usbd_core.o
      1584         30          0          1          0       9128   usbd_ctlreq.o
       430        166          0         78        256       6526   usbd_desc.o
       174          0          0          0          0       3916   usbd_ioreq.o
       118         14         72          0          0      15816   usbserial.o
        96          6          0          0          0       2063   vcp.o
        52         10          0          0         16       1140   wdg.o
        22          0          0          0          0        642   wmath.o

    ----------------------------------------------------------------------
     43086       2716       4308        640     103048    1166562   Object Totals
         0          0         64          0          0          0   (incl. Generated)
        62          0          6          8          4          0   (incl. Padding)

    ----------------------------------------------------------------------

      Code (inc. data)   RO Data    RW Data    ZI Data      Debug   Library Member Name

        16          0          0          0          0         68   cxa_guard_acquire.o
         6          0          0          0          0         68   pure_virt.o
       292         38          0          0          0        120   asinf.o
       604         76          0          0          0        116   atan2f.o
       156          8          0          0          0        104   cos.o
       252         22         48          0          0        124   cos_i.o
        34          6          0          0          0        204   dunder.o
        40          0          0          0          0         68   fpclassify.o
        38          0          0          0          0         68   fpclassifyf.o
        28          0          0          0          0        272   funder.o
       170          0          0          0          0         96   poly.o
       904         76        200          0          0        140   rred.o
       160         10          0          0          0        108   sin.o
       236         12         40          0          0        128   sin_i.o
        76          0          0          0          0         84   sqrt.o
        44          0          0          0          0         80   sqrtf.o
        86          0          0          0          0          0   __dczerorl2.o
        46          0          0          0          0         84   aeabi_atexit.o
         8          4          0          4          0         68   cpp_dtor.o
         2          0          0          0          0         68   cpp_final.o
        32         10          0          0          0         80   cpp_init.o
         2          0          0          0          0         68   cpp_signal.o
        66          0          0          0          0         84   cxa_finalize.o
         0          0          0          0          0          0   entry.o
         0          0          0          0          0          0   entry10a.o
         4          0          0          0          0          0   entry10b.o
         0          0          0          0          0          0   entry11a.o
         8          4          0          0          0          0   entry2.o
         4          0          0          0          0          0   entry5.o
         0          0          0          0          0          0   entry7b.o
         4          0          0          0          0          0   entry8a.o
         0          0          0          0          0          0   entry8b.o
         8          4          0          0          0          0   entry9a.o
        12          6          0          4          0         68   errno.o
        30          0          0          0          0          0   handlers.o
        36          8          0          0          0         68   init.o
         0          0          0          0          0          0   iusefp.o
        30          0          0          0          0         68   llshl.o
        36          0          0          0          0         68   llsshr.o
        32          0          0          0          0         68   llushr.o
       360         30          0          0          0        356   mallocr.o
        64          0          0          0          0         76   memmovea.o
        36          0          0          0          0        108   memseta.o
         0          0          0          8          0          0   mvars.o
        14          0          0          0          0         68   strlen.o
        48          0          0          0          0         68   cdcmple.o
        48          0          0          0          0         68   cdrcmple.o
        20          0          0          0          0         68   cfcmple.o
        56          0          0          0          0         88   d2f.o
       334          0          0          0          0        148   dadd.o
       222          0          0          0          0        100   ddiv.o
       186          0          0          0          0        176   depilogue.o
        62          0          0          0          0         80   dfixi.o
        50          0          0          0          0         76   dfixui.o
        34          0          0          0          0         76   dflti.o
        26          0          0          0          0         76   dfltui.o
       228          0          0          0          0         96   dmul.o
        46          0          0          0          0         80   dscalb.o
       162          0          0          0          0        100   dsqrt.o
        38          0          0          0          0         68   f2d.o
       176          0          0          0          0        140   fadd.o
       124          0          0          0          0         88   fdiv.o
       110          0          0          0          0        168   fepilogue.o
        50          0          0          0          0         68   ffixi.o
        18          0          0          0          0         68   fflti.o
        10          0          0          0          0         68   ffltui.o
       100          0          0          0          0         76   fmul.o
        24          0          0          0          0         68   fscalb.o
        94          0          0          0          0         96   fsqrt.o

    ----------------------------------------------------------------------
      6254        314        288         16          0       5456   Library Totals
        12          0          0          0          0          0   (incl. Padding)

    ----------------------------------------------------------------------

      Code (inc. data)   RO Data    RW Data    ZI Data      Debug   Library Name

        22          0          0          0          0        136   cpprt_w.l
      3034        248        288          0          0       1712   m_ws.l
       920         66          0         16          0       1400   mc_w.l
      2266          0          0          0          0       2208   mf_w.l

    ----------------------------------------------------------------------
      6254        314        288         16          0       5456   Library Totals

    ----------------------------------------------------------------------

==============================================================================


      Code (inc. data)   RO Data    RW Data    ZI Data      Debug   

     49340       3030       4596        656     103048    1145314   Grand Totals
     49340       3030       4596        444     103048    1145314   ELF Image Totals (compressed)
     49340       3030       4596        444          0          0   ROM Totals

==============================================================================

    Total RO  Size (Code + RO Data)                53936 (  52.67kB)
    Total RW  Size (RW Data + ZI Data)            103704 ( 101.27kB)
    Total ROM Size (Code + RO Data + RW Data)      54380 (  53.11kB)

==============================================================================

